This is pdfTeX, Version 3.141592653-2.6-1.40.28 (MiKTeX 25.12) (preloaded format=pdflatex 2026.9.13)  15 SEP 2026 16:00
entering extended mode
 restricted \write18 enabled.
 %&-line parsing enabled.
**./Group12_Assignment3_report.tex
(Group12_Assignment3_report.tex
LaTeX2e <2026-06-01>
L3 programming layer <2026-08-10>
(llncs.cls
Document Class: llncs 2024/01/29 v2.24 
 LaTeX document class for Lecture Notes in Computer Science
(C:\Users\neera\AppData\Roaming\MiKTeX\2.9\tex/latex/base\article.cls
Document Class: article 2025/01/22 v1.4n Standard LaTeX document class
(C:\Users\neera\AppData\Roaming\MiKTeX\2.9\tex/latex/base\size10.clo
File: size10.clo 2025/01/22 v1.4n Standard LaTeX file (size option)
)
\c@part=\count276
\c@section=\count277
\c@subsection=\count278
\c@subsubsection=\count279
\c@paragraph=\count280
\c@subparagraph=\count281
\c@figure=\count282
\c@table=\count283
\abovecaptionskip=\skip49
\belowcaptionskip=\skip50
\bibindent=\dimen150
)
(C:\Users\neera\AppData\Roaming\MiKTeX\2.9\tex/latex/tools\multicol.sty
Package: multicol 2025/10/21 v2.0b multicolumn formatting (FMi)
\c@tracingmulticols=\count284
\mult@box=\box53
\multicol@leftmargin=\dimen151
\c@unbalance=\count285
\c@collectmore=\count286
\doublecol@number=\count287
\multicoltolerance=\count288
\multicolpretolerance=\count289
\full@width=\dimen152
\page@free=\dimen153
\premulticols=\dimen154
\postmulticols=\dimen155
\multicolsep=\skip51
\multicolbaselineskip=\skip52
\partial@page=\box54
\last@line=\box55
\mc@boxedresult=\box56
\maxbalancingoverflow=\dimen156
\mult@rightbox=\box57
\mult@grightbox=\box58
\mult@firstbox=\box59
\mult@gfirstbox=\box60
\@tempa=\box61
\@tempa=\box62
\@tempa=\box63
\@tempa=\box64
\@tempa=\box65
\@tempa=\box66
\@tempa=\box67
\@tempa=\box68
\@tempa=\box69
\@tempa=\box70
\@tempa=\box71
\@tempa=\box72
\@tempa=\box73
\@tempa=\box74
\@tempa=\box75
\@tempa=\box76
\@tempa=\box77
\@tempa=\box78
\@tempa=\box79
\@tempa=\box80
\@tempa=\box81
\@tempa=\box82
\@tempa=\box83
\@tempa=\box84
\@tempa=\box85
\@tempa=\box86
\@tempa=\box87
\@tempa=\box88
\@tempa=\box89
\@tempa=\box90
\@tempa=\box91
\@tempa=\box92
\@tempa=\box93
\@tempa=\box94
\@tempa=\box95
\@tempa=\box96
\c@minrows=\count290
\c@columnbadness=\count291
\c@finalcolumnbadness=\count292
\last@try=\dimen157
\multicolovershoot=\dimen158
\multicolundershoot=\dimen159
\mult@nat@firstbox=\box97
\colbreak@box=\box98
\mc@col@check@num=\count293
\g__mc_curr_col_int=\count294
)
(C:\Users\neera\AppData\Roaming\MiKTeX\2.9\tex/latex/aliascnt\aliascnt.sty
Package: aliascnt 2026-03-08 v1.7 Alias counters (HO)


Package aliascnt Warning: The package is obsolete. Check the documentation. on 
input line 62.

)
\c@chapter=\count295
LaTeX Font Info:    Redeclaring math symbol \Gamma on input line 379.
LaTeX Font Info:    Redeclaring math symbol \Delta on input line 380.
LaTeX Font Info:    Redeclaring math symbol \Theta on input line 381.
LaTeX Font Info:    Redeclaring math symbol \Lambda on input line 382.
LaTeX Font Info:    Redeclaring math symbol \Xi on input line 383.
LaTeX Font Info:    Redeclaring math symbol \Pi on input line 384.
LaTeX Font Info:    Redeclaring math symbol \Sigma on input line 385.
LaTeX Font Info:    Redeclaring math symbol \Upsilon on input line 386.
LaTeX Font Info:    Redeclaring math symbol \Phi on input line 387.
LaTeX Font Info:    Redeclaring math symbol \Psi on input line 388.
LaTeX Font Info:    Redeclaring math symbol \Omega on input line 389.
LaTeX Info: Redefining \vec on input line 394.
\tocchpnum=\dimen160
\tocsecnum=\dimen161
\tocsectotal=\dimen162
\tocsubsecnum=\dimen163
\tocsubsectotal=\dimen164
\tocsubsubsecnum=\dimen165
\tocsubsubsectotal=\dimen166
\tocparanum=\dimen167
\tocparatotal=\dimen168
\tocsubparanum=\dimen169
\@tempcntc=\count296
\fnindent=\dimen170
\c@@inst=\count297
\c@@auth=\count298
\c@auco=\count299
\instindent=\dimen171
\authrun=\box99
\authorrunning=\toks17
\tocauthor=\toks18
\titrun=\box100
\titlerunning=\toks19
\toctitle=\toks20
\c@theorem=\count300
\c@case=\count301
\c@conjecture=\count302
\c@corollary=\count303
\c@definition=\count304
\c@example=\count305
\c@exercise=\count306
\c@lemma=\count307
\c@note=\count308
\c@problem=\count309
\c@property=\count310
\c@proposition=\count311
\c@question=\count312
\c@solution=\count313
\c@remark=\count314
\headlineindent=\dimen172
) (C:\Users\neera\AppData\Roaming\MiKTeX\2.9\tex/latex/base\fontenc.sty
Package: fontenc 2025/07/18 v2.1d Standard LaTeX package
)
(C:\Users\neera\AppData\Roaming\MiKTeX\2.9\tex/latex/graphics\graphicx.sty
Package: graphicx 2026-05-17 v1.2e Enhanced LaTeX Graphics (DPC,SPQR)

(C:\Users\neera\AppData\Roaming\MiKTeX\2.9\tex/latex/graphics\keyval.sty
Package: keyval 2026-05-17 v1.15 key=value parser (DPC)
\KV@toks@=\toks21
)
(C:\Users\neera\AppData\Roaming\MiKTeX\2.9\tex/latex/graphics\graphics.sty
Package: graphics 2026-05-17 v1.4h Standard LaTeX Graphics (DPC,SPQR)

(C:\Users\neera\AppData\Roaming\MiKTeX\2.9\tex/latex/graphics\trig.sty
Package: trig 2023/12/02 v1.11 sin cos tan (DPC)
)
(C:\Users\neera\AppData\Roaming\MiKTeX\2.9\tex/latex/graphics-cfg\graphics.cfg
File: graphics.cfg 2016/06/04 v1.11 sample graphics configuration
)
Package graphics Info: Driver file: pdftex.def on input line 106.
(C:\Users\neera\AppData\Roaming\MiKTeX\2.9\tex/latex/graphics-def\pdftex.def
File: pdftex.def 2025/09/29 v1.2d Graphics/color driver for pdftex
))
\Gin@req@height=\dimen173
\Gin@req@width=\dimen174
) (C:\Users\neera\AppData\Roaming\MiKTeX\2.9\tex/latex/booktabs\booktabs.sty
Package: booktabs 2020/01/12 v1.61803398 Publication quality tables
\heavyrulewidth=\dimen175
\lightrulewidth=\dimen176
\cmidrulewidth=\dimen177
\belowrulesep=\dimen178
\belowbottomsep=\dimen179
\aboverulesep=\dimen180
\abovetopsep=\dimen181
\cmidrulesep=\dimen182
\cmidrulekern=\dimen183
\defaultaddspace=\dimen184
\@cmidla=\count315
\@cmidlb=\count316
\@aboverulesep=\dimen185
\@belowrulesep=\dimen186
\@thisruleclass=\count317
\@lastruleclass=\count318
\@thisrulewidth=\dimen187
)
(C:\Users\neera\AppData\Roaming\MiKTeX\2.9\tex/latex/amsmath\amsmath.sty
Package: amsmath 2026/05/19 v2.18d AMS math features
\@mathmargin=\skip53

For additional information on amsmath, use the `?' option.
(C:\Users\neera\AppData\Roaming\MiKTeX\2.9\tex/latex/amsmath\amstext.sty
Package: amstext 2024/11/17 v2.01 AMS text

(C:\Users\neera\AppData\Roaming\MiKTeX\2.9\tex/latex/amsmath\amsgen.sty
File: amsgen.sty 1999/11/30 v2.0 generic functions
\@emptytoks=\toks22
\ex@=\dimen188
))
(C:\Users\neera\AppData\Roaming\MiKTeX\2.9\tex/latex/amsmath\amsbsy.sty
Package: amsbsy 1999/11/29 v1.2d Bold Symbols
\pmbraise@=\dimen189
)
(C:\Users\neera\AppData\Roaming\MiKTeX\2.9\tex/latex/amsmath\amsopn.sty
Package: amsopn 2022/04/08 v2.04 operator names
)
\inf@bad=\count319
LaTeX Info: Redefining \frac on input line 233.
\uproot@=\count320
\leftroot@=\count321
LaTeX Info: Redefining \overline on input line 398.
LaTeX Info: Redefining \colon on input line 409.
\classnum@=\count322
\DOTSCASE@=\count323
LaTeX Info: Redefining \ldots on input line 495.
LaTeX Info: Redefining \dots on input line 498.
LaTeX Info: Redefining \cdots on input line 619.
\Mathstrutbox@=\box101
\strutbox@=\box102
LaTeX Info: Redefining \big on input line 721.
LaTeX Info: Redefining \Big on input line 722.
LaTeX Info: Redefining \bigg on input line 723.
LaTeX Info: Redefining \Bigg on input line 724.
\big@size=\dimen190
LaTeX Font Info:    Redeclaring font encoding OML on input line 742.
LaTeX Font Info:    Redeclaring font encoding OMS on input line 743.


Package amsmath Warning: Unable to redefine math accent \vec.

\macc@depth=\count324
LaTeX Info: Redefining \bmod on input line 904.
LaTeX Info: Redefining \pmod on input line 909.
LaTeX Info: Redefining \smash on input line 939.
LaTeX Info: Redefining \relbar on input line 969.
LaTeX Info: Redefining \Relbar on input line 970.
\c@MaxMatrixCols=\count325
\dotsspace@=\muskip17
\c@parentequation=\count326
\dspbrk@lvl=\count327
\tag@help=\toks23
\row@=\count328
\column@=\count329
\maxfields@=\count330
\andhelp@=\toks24
\eqnshift@=\dimen191
\alignsep@=\dimen192
\tagshift@=\dimen193
\tagwidth@=\dimen194
\totwidth@=\dimen195
\lineht@=\dimen196
\@envbody=\toks25
\multlinegap=\skip54
\multlinetaggap=\skip55
\mathdisplay@stack=\toks26
LaTeX Info: Redefining \[ on input line 2965.
LaTeX Info: Redefining \] on input line 2966.
) (C:\Users\neera\AppData\Roaming\MiKTeX\2.9\tex/latex/amsfonts\amssymb.sty
Package: amssymb 2013/01/14 v3.01 AMS font symbols

(C:\Users\neera\AppData\Roaming\MiKTeX\2.9\tex/latex/amsfonts\amsfonts.sty
Package: amsfonts 2013/01/14 v3.01 Basic AMSFonts support
\symAMSa=\mathgroup4
\symAMSb=\mathgroup5
LaTeX Font Info:    Redeclaring math symbol \hbar on input line 98.
LaTeX Font Info:    Overwriting math alphabet `\mathfrak' in version `bold'
(Font)                  U/euf/m/n --> U/euf/b/n on input line 106.
))
(C:\Users\neera\AppData\Roaming\MiKTeX\2.9\tex/latex/tools\array.sty
Package: array 2026/02/24 v2.7b Tabular extension package (FMi)
\col@sep=\dimen197
\ar@mcellbox=\box103
\extrarowheight=\dimen198
\NC@list=\toks27
\extratabsurround=\skip56
\backup@length=\skip57
\ar@cellbox=\box104
)
(C:\Users\neera\AppData\Roaming\MiKTeX\2.9\tex/latex/xcolor\xcolor.sty
Package: xcolor 2024/09/29 v3.02 LaTeX color extensions (UK)

(C:\Users\neera\AppData\Roaming\MiKTeX\2.9\tex/latex/graphics-cfg\color.cfg
File: color.cfg 2016/01/02 v1.6 sample color configuration
)
Package xcolor Info: Driver file: pdftex.def on input line 274.

(C:\Users\neera\AppData\Roaming\MiKTeX\2.9\tex/latex/graphics\mathcolor.ltx)
Package xcolor Info: Model `cmy' substituted by `cmy0' on input line 1349.
Package xcolor Info: Model `hsb' substituted by `rgb' on input line 1353.
Package xcolor Info: Model `RGB' extended on input line 1365.
Package xcolor Info: Model `HTML' substituted by `rgb' on input line 1367.
Package xcolor Info: Model `Hsb' substituted by `hsb' on input line 1368.
Package xcolor Info: Model `tHsb' substituted by `hsb' on input line 1369.
Package xcolor Info: Model `HSB' substituted by `hsb' on input line 1370.
Package xcolor Info: Model `Gray' substituted by `gray' on input line 1371.
Package xcolor Info: Model `wave' substituted by `hsb' on input line 1372.
)
(C:\Users\neera\AppData\Roaming\MiKTeX\2.9\tex/latex/caption\caption.sty
Package: caption 2023/08/05 v3.6o Customizing captions (AR)

(C:\Users\neera\AppData\Roaming\MiKTeX\2.9\tex/latex/caption\caption3.sty
Package: caption3 2023/07/31 v2.4d caption3 kernel (AR)
\caption@tempdima=\dimen199
\captionmargin=\dimen256
\caption@leftmargin=\dimen257
\caption@rightmargin=\dimen258
\caption@width=\dimen259
\caption@indent=\dimen260
\caption@parindent=\dimen261
\caption@hangindent=\dimen262
Package caption Info: Unknown document class (or package),
(caption)             standard defaults will be used.
Package caption Info: \@makecaption = \long macro:#1#2->\small \vskip \abovecap
tionskip \sbox \@tempboxa {{\bfseries #1.} #2}\ifdim \wd \@tempboxa >\hsize {\b
fseries #1.} #2\par \else \global \@minipagefalse \hb@xt@ \hsize {\hfil \box \@
tempboxa \hfil }\fi \vskip \belowcaptionskip  on input line 1175.
)

Package caption Warning: Unknown document class (or package),
(caption)                standard defaults will be used.
See the caption package documentation for explanation.

\c@caption@flags=\count331
\c@continuedfloat=\count332
) (C:\Users\neera\AppData\Roaming\MiKTeX\2.9\tex/latex/microtype\microtype.sty
Package: microtype 2026/03/01 v3.2d Micro-typographical refinements (RS)

(C:\Users\neera\AppData\Roaming\MiKTeX\2.9\tex/latex/etoolbox\etoolbox.sty
Package: etoolbox 2025/10/02 v2.5m e-TeX tools for LaTeX (JAW)
\etb@tempcnta=\count333
)
\MT@toks=\toks28
\MT@tempbox=\box105
\MT@count=\count334
LaTeX Info: Redefining \noprotrusionifhmode on input line 1084.
LaTeX Info: Redefining \leftprotrusion on input line 1085.
\MT@prot@toks=\toks29
LaTeX Info: Redefining \rightprotrusion on input line 1104.
LaTeX Info: Redefining \textls on input line 1449.
\MT@outer@kern=\dimen263
LaTeX Info: Redefining \microtypecontext on input line 2053.
LaTeX Info: Redefining \textmicrotypecontext on input line 2070.
\MT@listname@count=\count335

(C:\Users\neera\AppData\Roaming\MiKTeX\2.9\tex/latex/microtype\microtype-pdftex
.def
File: microtype-pdftex.def 2026/03/01 v3.2d Definitions specific to pdftex (RS)

LaTeX Info: Redefining \lsstyle on input line 944.
LaTeX Info: Redefining \lslig on input line 944.
\MT@outer@space=\skip58
)
Package microtype Info: Loading configuration file microtype.cfg.

(C:\Users\neera\AppData\Roaming\MiKTeX\2.9\tex/latex/microtype\microtype.cfg
File: microtype.cfg 2026/03/01 v3.2d microtype main configuration file (RS)
)
LaTeX Info: Redefining \microtypesetup on input line 3065.
)
(C:\Users\neera\AppData\Roaming\MiKTeX\2.9\tex/latex/base\flafter.sty
Package: flafter 2025/08/22 v1.4z Standard LaTeX floats after reference (FMi)
Applying: [2025/06/01] float order in 2-column on input line 49.
Already applied: [2015/01/01] float order in 2-column on input line 152.
Already applied: [0000/00/00] float order in 2-column on input line 254.
)
(C:\Users\neera\AppData\Roaming\MiKTeX\2.9\tex/latex/needspace\needspace.sty
Package: needspace 2025/03/13 v1.3e reserve vertical space
)
(C:\Users\neera\AppData\Roaming\MiKTeX\2.9\tex/latex/placeins\placeins.sty
Package: placeins 2005/04/18  v 2.2
)
(C:\Users\neera\AppData\Roaming\MiKTeX\2.9\tex/latex/hyperref\hyperref.sty
Package: hyperref 2026-06-17 v7.01r Hypertext links for LaTeX

(C:\Users\neera\AppData\Roaming\MiKTeX\2.9\tex/generic/iftex\iftex.sty
Package: iftex 2024/12/12 v1.0g TeX engine tests
)
(C:\Users\neera\AppData\Roaming\MiKTeX\2.9\tex/latex/kvsetkeys\kvsetkeys.sty
Package: kvsetkeys 2022-10-05 v1.19 Key value parser (HO)
)
(C:\Users\neera\AppData\Roaming\MiKTeX\2.9\tex/generic/kvdefinekeys\kvdefinekey
s.sty
Package: kvdefinekeys 2019-12-19 v1.6 Define keys (HO)
)
(C:\Users\neera\AppData\Roaming\MiKTeX\2.9\tex/generic/pdfescape\pdfescape.sty
Package: pdfescape 2019/12/09 v1.15 Implements pdfTeX's escape features (HO)

(C:\Users\neera\AppData\Roaming\MiKTeX\2.9\tex/generic/ltxcmds\ltxcmds.sty
Package: ltxcmds 2023-12-04 v1.26 LaTeX kernel commands for general use (HO)
)
(C:\Users\neera\AppData\Roaming\MiKTeX\2.9\tex/generic/pdftexcmds\pdftexcmds.st
y
Package: pdftexcmds 2020-06-27 v0.33 Utility functions of pdfTeX for LuaTeX (HO
)

(C:\Users\neera\AppData\Roaming\MiKTeX\2.9\tex/generic/infwarerr\infwarerr.sty
Package: infwarerr 2019/12/03 v1.5 Providing info/warning/error messages (HO)
)
Package pdftexcmds Info: \pdf@primitive is available.
Package pdftexcmds Info: \pdf@ifprimitive is available.
Package pdftexcmds Info: \pdfdraftmode found.
)) (C:\Users\neera\AppData\Roaming\MiKTeX\2.9\tex/latex/hycolor\hycolor.sty
Package: hycolor 2020-01-27 v1.10 Color options for hyperref/bookmark (HO)
)
(C:\Users\neera\AppData\Roaming\MiKTeX\2.9\tex/latex/hyperref\nameref.sty
Package: nameref 2026-01-29 v2.58 Cross-referencing by name of section

(C:\Users\neera\AppData\Roaming\MiKTeX\2.9\tex/latex/refcount\refcount.sty
Package: refcount 2019/12/15 v3.6 Data extraction from label references (HO)
)
(C:\Users\neera\AppData\Roaming\MiKTeX\2.9\tex/generic/gettitlestring\gettitles
tring.sty
Package: gettitlestring 2019/12/15 v1.6 Cleanup title references (HO)

(C:\Users\neera\AppData\Roaming\MiKTeX\2.9\tex/latex/kvoptions\kvoptions.sty
Package: kvoptions 2022-06-15 v3.15 Key value format for package options (HO)
))
\c@section@level=\count336
) (C:\Users\neera\AppData\Roaming\MiKTeX\2.9\tex/generic/stringenc\stringenc.st
y
Package: stringenc 2019/11/29 v1.12 Convert strings between diff. encodings (HO
)
)
\@linkdim=\dimen264
\Hy@linkcounter=\count337
\Hy@pagecounter=\count338
 (C:\Users\neera\AppData\Roaming\MiKTeX\2.9\tex/latex/hyperref\pd1enc.def
File: pd1enc.def 2026-06-17 v7.01r Hyperref: PDFDocEncoding definition (HO)
Now handling font encoding PD1 ...
... no UTF-8 mapping file for font encoding PD1
)
(C:\Users\neera\AppData\Roaming\MiKTeX\2.9\tex/generic/intcalc\intcalc.sty
Package: intcalc 2019/12/15 v1.3 Expandable calculations with integers (HO)
)
\Hy@SavedSpaceFactor=\count339

(C:\Users\neera\AppData\Roaming\MiKTeX\2.9\tex/latex/hyperref\puenc.def
File: puenc.def 2026-06-17 v7.01r Hyperref: PDF Unicode definition (HO)
Now handling font encoding PU ...
... no UTF-8 mapping file for font encoding PU
)
Package hyperref Info: Hyper figures OFF on input line 4199.
Package hyperref Info: Link nesting OFF on input line 4204.
Package hyperref Info: Hyper index ON on input line 4207.
Package hyperref Info: Plain pages OFF on input line 4214.
Package hyperref Info: Backreferencing OFF on input line 4219.
Package hyperref Info: Implicit mode ON; LaTeX internals redefined.
Package hyperref Info: Bookmarks ON on input line 4466.
\c@Hy@tempcnt=\count340

(C:\Users\neera\AppData\Roaming\MiKTeX\2.9\tex/latex/url\url.sty
\Urlmuskip=\muskip18
Package: url 2013/09/16  ver 3.4  Verb mode for urls, etc.
)
LaTeX Info: Redefining \url on input line 4805.
\XeTeXLinkMargin=\dimen265

(C:\Users\neera\AppData\Roaming\MiKTeX\2.9\tex/generic/bitset\bitset.sty
Package: bitset 2019/12/09 v1.3 Handle bit-vector datatype (HO)

(C:\Users\neera\AppData\Roaming\MiKTeX\2.9\tex/generic/bigintcalc\bigintcalc.st
y
Package: bigintcalc 2019/12/15 v1.5 Expandable calculations on big integers (HO
)
))
\Fld@menulength=\count341
\Field@Width=\dimen266
\Fld@charsize=\dimen267
Package hyperref Info: Hyper figures OFF on input line 6091.
Package hyperref Info: Link nesting OFF on input line 6096.
Package hyperref Info: Hyper index ON on input line 6099.
Package hyperref Info: backreferencing OFF on input line 6106.
Package hyperref Info: Link coloring OFF on input line 6111.
Package hyperref Info: Link coloring with OCG OFF on input line 6116.
Package hyperref Info: PDF/A mode OFF on input line 6121.
\Hy@abspage=\count342
\c@Item=\count343
\c@Hfootnote=\count344
)
Package hyperref Info: Driver (autodetected): hpdftex.
 (C:\Users\neera\AppData\Roaming\MiKTeX\2.9\tex/latex/hyperref\hpdftex.def
File: hpdftex.def 2026-06-17 v7.01r Hyperref driver for pdfTeX
\Fld@listcount=\count345
\c@bookmark@seq@number=\count346

(C:\Users\neera\AppData\Roaming\MiKTeX\2.9\tex/latex/rerunfilecheck\rerunfilech
eck.sty
Package: rerunfilecheck 2025-06-21 v1.11 Rerun checks for auxiliary files (HO)

(C:\Users\neera\AppData\Roaming\MiKTeX\2.9\tex/generic/uniquecounter\uniquecoun
ter.sty
Package: uniquecounter 2019/12/15 v1.4 Provide unlimited unique counter (HO)
)
Package uniquecounter Info: New unique counter `rerunfilecheck' on input line 2
84.
)
\Hy@SectionHShift=\skip59
)
Package hyperref Info: Option `colorlinks' set `true' on input line 16.

(C:\Users\neera\AppData\Roaming\MiKTeX\2.9\tex/latex/l3kernel\l3backend-pdftex.
def
File: l3backend-pdftex.def 2026-08-10 L3 backend support: PDF output (pdfTeX)
\l__color_backend_stack_int=\count347
) (Group12_Assignment3_report.aux)
\openout1 = `Group12_Assignment3_report.aux'.

LaTeX Font Info:    Checking defaults for OML/cmm/m/it on input line 28.
LaTeX Font Info:    ... okay on input line 28.
LaTeX Font Info:    Checking defaults for OMS/cmsy/m/n on input line 28.
LaTeX Font Info:    ... okay on input line 28.
LaTeX Font Info:    Checking defaults for OT1/cmr/m/n on input line 28.
LaTeX Font Info:    ... okay on input line 28.
LaTeX Font Info:    Checking defaults for T1/cmr/m/n on input line 28.
LaTeX Font Info:    ... okay on input line 28.
LaTeX Font Info:    Checking defaults for TS1/cmr/m/n on input line 28.
LaTeX Font Info:    ... okay on input line 28.
LaTeX Font Info:    Checking defaults for OMX/cmex/m/n on input line 28.
LaTeX Font Info:    ... okay on input line 28.
LaTeX Font Info:    Checking defaults for U/cmr/m/n on input line 28.
LaTeX Font Info:    ... okay on input line 28.
LaTeX Font Info:    Checking defaults for PD1/pdf/m/n on input line 28.
LaTeX Font Info:    ... okay on input line 28.
LaTeX Font Info:    Checking defaults for PU/pdf/m/n on input line 28.
LaTeX Font Info:    ... okay on input line 28.

(C:\Users\neera\AppData\Roaming\MiKTeX\2.9\tex/context/base/mkii\supp-pdf.mkii
[Loading MPS to PDF converter (version 2006.09.02).]
\scratchcounter=\count348
\scratchdimen=\dimen268
\scratchbox=\box106
\nofMPsegments=\count349
\nofMParguments=\count350
\everyMPshowfont=\toks30
\MPscratchCnt=\count351
\MPscratchDim=\dimen269
\MPnumerator=\count352
\makeMPintoPDFobject=\count353
\everyMPtoPDFconversion=\toks31
)
(C:\Users\neera\AppData\Roaming\MiKTeX\2.9\tex/latex/epstopdf-pkg\epstopdf-base
.sty
Package: epstopdf-base 2020-01-24 v2.11 Base part for package epstopdf
Package epstopdf-base Info: Redefining graphics rule for `.eps' on input line 4
85.

(C:\Users\neera\AppData\Roaming\MiKTeX\2.9\tex/latex/00miktex\epstopdf-sys.cfg
File: epstopdf-sys.cfg 2021/03/18 v2.0 Configuration of epstopdf for MiKTeX
))
Package caption Info: Begin \AtBeginDocument code.
Package caption Info: hyperref package is loaded.
Package caption Info: End \AtBeginDocument code.
LaTeX Info: Redefining \microtypecontext on input line 28.
Package microtype Info: Applying patch `item' on input line 28.
Package microtype Info: Applying patch `toc' on input line 28.
Package microtype Info: Applying patch `eqnum' on input line 28.
Package microtype Info: Applying patch `footnote' on input line 28.
Package microtype Info: Applying patch `verbatim' on input line 28.
LaTeX Info: Redefining \microtypesetup on input line 28.
Package microtype Info: Generating PDF output.
Package microtype Info: Character protrusion enabled (level 2).
Package microtype Info: Using default protrusion set `alltext'.
Package microtype Info: Automatic font expansion enabled (level 2),
(microtype)             stretch: 20, shrink: 20, step: 1, non-selected.
Package microtype Info: Using default expansion set `alltext-nott'.
Package microtype Info: Patching command `\showhyphens'.
Package microtype Info: No adjustment of tracking.
Package microtype Info: No adjustment of interword spacing.
Package microtype Info: No adjustment of character kerning.
 (C:\Users\neera\AppData\Roaming\MiKTeX\2.9\tex/latex/microtype\mt-cmr.cfg
File: mt-cmr.cfg 2013/05/19 v2.2 microtype config. file: Computer Modern Roman 
(RS)
)
Package hyperref Info: Link coloring ON on input line 28.

(Group12_Assignment3_report.out) (Group12_Assignment3_report.out)
\@outlinefile=\write3
\openout3 = `Group12_Assignment3_report.out'.

LaTeX Font Info:    Trying to load font information for U+msa on input line 39.


(C:\Users\neera\AppData\Roaming\MiKTeX\2.9\tex/latex/amsfonts\umsa.fd
File: umsa.fd 2013/01/14 v3.01 AMS symbols A
)
(C:\Users\neera\AppData\Roaming\MiKTeX\2.9\tex/latex/microtype\mt-msa.cfg
File: mt-msa.cfg 2006/02/04 v1.1 microtype config. file: AMS symbols (a) (RS)
)
LaTeX Font Info:    Trying to load font information for U+msb on input line 39.


(C:\Users\neera\AppData\Roaming\MiKTeX\2.9\tex/latex/amsfonts\umsb.fd
File: umsb.fd 2013/01/14 v3.01 AMS symbols B
)
(C:\Users\neera\AppData\Roaming\MiKTeX\2.9\tex/latex/microtype\mt-msb.cfg
File: mt-msb.cfg 2005/06/01 v1.0 microtype config. file: AMS symbols (b) (RS)
)
[1

{C:/Users/neera/AppData/Local/MiKTeX/2.9/fonts/map/pdftex/pdftex.map}{C:/Users/
neera/AppData/Roaming/MiKTeX/2.9/fonts/enc/dvips/cm-super/cm-super-t1.enc}{C:/U
sers/neera/AppData/Roaming/MiKTeX/2.9/fonts/enc/dvips/cm-super/cm-super-ts1.enc
}] (tables/architectures.tex) [2] [3] [4] [5] [6] (tables/epochs.tex)
(tables/final_error.tex) [7] [8]
<figures/loss_A1.pdf, id=138, 350.99947pt x 332.48465pt>
File: figures/loss_A1.pdf Graphic file (type pdf)
<use figures/loss_A1.pdf>
Package pdftex.def Info: figures/loss_A1.pdf  used on input line 381.
(pdftex.def)             Requested size: 347.12354pt x 328.83612pt.
<figures/loss_A2.pdf, id=139, 350.99947pt x 332.48465pt>
File: figures/loss_A2.pdf Graphic file (type pdf)
<use figures/loss_A2.pdf>
Package pdftex.def Info: figures/loss_A2.pdf  used on input line 407.
(pdftex.def)             Requested size: 347.12354pt x 328.83612pt.
<figures/loss_A3.pdf, id=140, 350.99947pt x 332.48465pt>
File: figures/loss_A3.pdf Graphic file (type pdf)
<use figures/loss_A3.pdf>
Package pdftex.def Info: figures/loss_A3.pdf  used on input line 431.
(pdftex.def)             Requested size: 347.12354pt x 328.83612pt.
<figures/loss_A4.pdf, id=141, 350.99947pt x 332.48465pt>
File: figures/loss_A4.pdf Graphic file (type pdf)
<use figures/loss_A4.pdf>
Package pdftex.def Info: figures/loss_A4.pdf  used on input line 455.
(pdftex.def)             Requested size: 347.12354pt x 328.83612pt.
<figures/loss_A5.pdf, id=142, 350.99947pt x 332.48465pt>
File: figures/loss_A5.pdf Graphic file (type pdf)
<use figures/loss_A5.pdf>
Package pdftex.def Info: figures/loss_A5.pdf  used on input line 479.
(pdftex.def)             Requested size: 347.12354pt x 328.83612pt.
<figures/loss_A6.pdf, id=143, 350.99947pt x 332.48465pt>
File: figures/loss_A6.pdf Graphic file (type pdf)
<use figures/loss_A6.pdf>
Package pdftex.def Info: figures/loss_A6.pdf  used on input line 501.
(pdftex.def)             Requested size: 347.12354pt x 328.83612pt.
 [9] [10 <./figures/loss_A1.pdf>] [11 <./figures/loss_A2.pdf>] [12 <./figures/l
oss_A3.pdf>] [13 <./figures/loss_A4.pdf>]
[14 <./figures/loss_A5.pdf>] [15 <./figures/loss_A6.pdf>] (tables/accuracy.tex)
<figures/confusion_best.pdf, id=716, 308.307pt x 152.09464pt>
File: figures/confusion_best.pdf Graphic file (type pdf)
<use figures/confusion_best.pdf>
Package pdftex.def Info: figures/confusion_best.pdf  used on input line 558.
(pdftex.def)             Requested size: 277.69987pt x 137.00458pt.
[16] [17 <./figures/confusion_best.pdf>] [18] (Group12_Assignment3_report.aux)
 ***********
LaTeX2e <2026-06-01>
L3 programming layer <2026-08-10>
 ***********
Package rerunfilecheck Info: File `Group12_Assignment3_report.out' has not chan
ged.
(rerunfilecheck)             Checksum: 55F317A0870C98263624F0AE5139E93D;597.
 ) 
Here is how much of TeX's memory you used:
 14870 strings out of 469358
 236515 string characters out of 5458554
 703979 words of memory out of 5000000
 43315 multiletter control sequences out of 15000+600000
 657701 words of font info for 254 fonts, out of 8000000 for 9000
 14 hyphenation exceptions out of 8191
 74i,12n,79p,1025b,610s stack positions out of 10000i,1000n,20000p,200000b,200000s
<C:/Users/neera/AppData/Roaming/MiKTeX/2.9/fonts/type1/public/amsfonts/cm/cmb
x10.pfb><C:/Users/neera/AppData/Roaming/MiKTeX/2.9/fonts/type1/public/amsfonts/
cm/cmex10.pfb><C:/Users/neera/AppData/Roaming/MiKTeX/2.9/fonts/type1/public/ams
fonts/cm/cmmi10.pfb><C:/Users/neera/AppData/Roaming/MiKTeX/2.9/fonts/type1/publ
ic/amsfonts/cm/cmmi5.pfb><C:/Users/neera/AppData/Roaming/MiKTeX/2.9/fonts/type1
/public/amsfonts/cm/cmmi6.pfb><C:/Users/neera/AppData/Roaming/MiKTeX/2.9/fonts/
type1/public/amsfonts/cm/cmmi7.pfb><C:/Users/neera/AppData/Roaming/MiKTeX/2.9/f
onts/type1/public/amsfonts/cm/cmmi9.pfb><C:/Users/neera/AppData/Roaming/MiKTeX/
2.9/fonts/type1/public/amsfonts/cm/cmmib10.pfb><C:/Users/neera/AppData/Roaming/
MiKTeX/2.9/fonts/type1/public/amsfonts/cm/cmr10.pfb><C:/Users/neera/AppData/Roa
ming/MiKTeX/2.9/fonts/type1/public/amsfonts/cm/cmr5.pfb><C:/Users/neera/AppData
/Roaming/MiKTeX/2.9/fonts/type1/public/amsfonts/cm/cmr6.pfb><C:/Users/neera/App
Data/Roaming/MiKTeX/2.9/fonts/type1/public/amsfonts/cm/cmr7.pfb><C:/Users/neera
/AppData/Roaming/MiKTeX/2.9/fonts/type1/public/amsfonts/cm/cmr9.pfb><C:/Users/n
eera/AppData/Roaming/MiKTeX/2.9/fonts/type1/public/amsfonts/cm/cmsy10.pfb><C:/U
sers/neera/AppData/Roaming/MiKTeX/2.9/fonts/type1/public/amsfonts/cm/cmsy5.pfb>
<C:/Users/neera/AppData/Roaming/MiKTeX/2.9/fonts/type1/public/amsfonts/cm/cmsy6
.pfb><C:/Users/neera/AppData/Roaming/MiKTeX/2.9/fonts/type1/public/amsfonts/cm/
cmsy7.pfb><C:/Users/neera/AppData/Roaming/MiKTeX/2.9/fonts/type1/public/amsfont
s/cm/cmsy9.pfb><C:/Users/neera/AppData/Roaming/MiKTeX/2.9/fonts/type1/public/am
sfonts/cm/cmti7.pfb><C:/Users/neera/AppData/Roaming/MiKTeX/2.9/fonts/type1/publ
ic/amsfonts/symbols/msbm10.pfb><C:/Users/neera/AppData/Roaming/MiKTeX/2.9/fonts
/type1/public/cm-super/sfbx0900.pfb><C:/Users/neera/AppData/Roaming/MiKTeX/2.9/
fonts/type1/public/cm-super/sfbx1000.pfb><C:/Users/neera/AppData/Roaming/MiKTeX
/2.9/fonts/type1/public/cm-super/sfbx1200.pfb><C:/Users/neera/AppData/Roaming/M
iKTeX/2.9/fonts/type1/public/cm-super/sfbx1440.pfb><C:/Users/neera/AppData/Roam
ing/MiKTeX/2.9/fonts/type1/public/cm-super/sfrm0700.pfb><C:/Users/neera/AppData
/Roaming/MiKTeX/2.9/fonts/type1/public/cm-super/sfrm0900.pfb><C:/Users/neera/Ap
pData/Roaming/MiKTeX/2.9/fonts/type1/public/cm-super/sfrm1000.pfb><C:/Users/nee
ra/AppData/Roaming/MiKTeX/2.9/fonts/type1/public/cm-super/sfti0900.pfb><C:/User
s/neera/AppData/Roaming/MiKTeX/2.9/fonts/type1/public/cm-super/sfti1000.pfb>
Output written on Group12_Assignment3_report.pdf (18 pages, 719699 bytes).
PDF statistics:
 939 PDF objects out of 1000 (max. 8388607)
 375 compressed objects within 4 object streams
 91 named destinations out of 1000 (max. 500000)
 57388 words of extra memory for PDF output out of 61914 (max. 10000000)

