**
(Group12_Assignment2_report.tex
LaTeX2e <2021-11-15> patch level 1
L3 programming layer <2022-02-24> (llncs.cls
Document Class: llncs 2024/01/29 v2.24 
 LaTeX document class for Lecture Notes in Computer Science
(article.cls
Document Class: article 2021/10/04 v1.4n Standard LaTeX document class
(size10.clo
File: size10.clo 2021/10/04 v1.4n Standard LaTeX file (size option)
)
\c@part=\count181
\c@section=\count182
\c@subsection=\count183
\c@subsubsection=\count184
\c@paragraph=\count185
\c@subparagraph=\count186
\c@figure=\count187
\c@table=\count188
\abovecaptionskip=\skip47
\belowcaptionskip=\skip48
\bibindent=\dimen138
) (multicol.sty
Package: multicol 2021/10/28 v1.9b multicolumn formatting (FMi)
\c@tracingmulticols=\count189
\mult@box=\box50
\multicol@leftmargin=\dimen139
\c@unbalance=\count190
\c@collectmore=\count191
\doublecol@number=\count192
\multicoltolerance=\count193
\multicolpretolerance=\count194
\full@width=\dimen140
\page@free=\dimen141
\premulticols=\dimen142
\postmulticols=\dimen143
\multicolsep=\skip49
\multicolbaselineskip=\skip50
\partial@page=\box51
\last@line=\box52
\maxbalancingoverflow=\dimen144
\mult@rightbox=\box53
\mult@grightbox=\box54
\mult@firstbox=\box55
\mult@gfirstbox=\box56
\@tempa=\box57
\@tempa=\box58
\@tempa=\box59
\@tempa=\box60
\@tempa=\box61
\@tempa=\box62
\@tempa=\box63
\@tempa=\box64
\@tempa=\box65
\@tempa=\box66
\@tempa=\box67
\@tempa=\box68
\@tempa=\box69
\@tempa=\box70
\@tempa=\box71
\@tempa=\box72
\@tempa=\box73
\@tempa=\box74
\@tempa=\box75
\@tempa=\box76
\@tempa=\box77
\@tempa=\box78
\@tempa=\box79
\@tempa=\box80
\@tempa=\box81
\@tempa=\box82
\@tempa=\box83
\@tempa=\box84
\@tempa=\box85
\@tempa=\box86
\@tempa=\box87
\@tempa=\box88
\@tempa=\box89
\@tempa=\box90
\@tempa=\box91
\@tempa=\box92
\c@minrows=\count195
\c@columnbadness=\count196
\c@finalcolumnbadness=\count197
\last@try=\dimen145
\multicolovershoot=\dimen146
\multicolundershoot=\dimen147
\mult@nat@firstbox=\box93
\colbreak@box=\box94
\mc@col@check@num=\count198
) (aliascnt.sty
Package: aliascnt 2018/09/07 v1.5 Alias counters (HO)
)
\c@chapter=\count199
LaTeX Font Info:    Redeclaring math symbol \Gamma on input line 379.
LaTeX Font Info:    Redeclaring math symbol \Delta on input line 380.
LaTeX Font Info:    Redeclaring math symbol \Theta on input line 381.
LaTeX Font Info:    Redeclaring math symbol \Lambda on input line 382.
LaTeX Font Info:    Redeclaring math symbol \Xi on input line 383.
LaTeX Font Info:    Redeclaring math symbol \Pi on input line 384.
LaTeX Font Info:    Redeclaring math symbol \Sigma on input line 385.
LaTeX Font Info:    Redeclaring math symbol \Upsilon on input line 386.
LaTeX Font Info:    Redeclaring math symbol \Phi on input line 387.
LaTeX Font Info:    Redeclaring math symbol \Psi on input line 388.
LaTeX Font Info:    Redeclaring math symbol \Omega on input line 389.
LaTeX Info: Redefining \vec on input line 394.
\tocchpnum=\dimen148
\tocsecnum=\dimen149
\tocsectotal=\dimen150
\tocsubsecnum=\dimen151
\tocsubsectotal=\dimen152
\tocsubsubsecnum=\dimen153
\tocsubsubsectotal=\dimen154
\tocparanum=\dimen155
\tocparatotal=\dimen156
\tocsubparanum=\dimen157
\@tempcntc=\count266
\fnindent=\dimen158
\c@@inst=\count267
\c@@auth=\count268
\c@auco=\count269
\instindent=\dimen159
\authrun=\box95
\authorrunning=\toks16
\tocauthor=\toks17
\titrun=\box96
\titlerunning=\toks18
\toctitle=\toks19
\c@theorem=\count270
\c@case=\count271
\c@conjecture=\count272
\c@corollary=\count273
\c@definition=\count274
\c@example=\count275
\c@exercise=\count276
\c@lemma=\count277
\c@note=\count278
\c@problem=\count279
\c@property=\count280
\c@proposition=\count281
\c@question=\count282
\c@solution=\count283
\c@remark=\count284
\headlineindent=\dimen160
) (fontenc.sty
Package: fontenc 2021/04/29 v2.0v Standard LaTeX package
LaTeX Font Info:    Trying to load font information for T1+lmr on input line 11
2.
 (t1lmr.fd
File: t1lmr.fd 2015/05/01 v1.6.1 Font defs for Latin Modern
))
(lmodern.sty
Package: lmodern 2015/05/01 v1.6.1 Latin Modern Fonts
LaTeX Font Info:    Overwriting symbol font `operators' in version `normal'
(Font)                  OT1/cmr/m/n --> OT1/lmr/m/n on input line 22.
LaTeX Font Info:    Overwriting symbol font `letters' in version `normal'
(Font)                  OML/cmm/m/it --> OML/lmm/m/it on input line 23.
LaTeX Font Info:    Overwriting symbol font `symbols' in version `normal'
(Font)                  OMS/cmsy/m/n --> OMS/lmsy/m/n on input line 24.
LaTeX Font Info:    Overwriting symbol font `largesymbols' in version `normal'
(Font)                  OMX/cmex/m/n --> OMX/lmex/m/n on input line 25.
LaTeX Font Info:    Overwriting symbol font `operators' in version `bold'
(Font)                  OT1/cmr/bx/n --> OT1/lmr/bx/n on input line 26.
LaTeX Font Info:    Overwriting symbol font `letters' in version `bold'
(Font)                  OML/cmm/b/it --> OML/lmm/b/it on input line 27.
LaTeX Font Info:    Overwriting symbol font `symbols' in version `bold'
(Font)                  OMS/cmsy/b/n --> OMS/lmsy/b/n on input line 28.
LaTeX Font Info:    Overwriting symbol font `largesymbols' in version `bold'
(Font)                  OMX/cmex/m/n --> OMX/lmex/m/n on input line 29.
LaTeX Font Info:    Overwriting math alphabet `\mathbf' in version `normal'
(Font)                  OT1/cmr/bx/n --> OT1/lmr/bx/n on input line 31.
LaTeX Font Info:    Overwriting math alphabet `\mathsf' in version `normal'
(Font)                  OT1/cmss/m/n --> OT1/lmss/m/n on input line 32.
LaTeX Font Info:    Overwriting math alphabet `\mathit' in version `normal'
(Font)                  OT1/cmr/m/it --> OT1/lmr/m/it on input line 33.
LaTeX Font Info:    Overwriting math alphabet `\mathtt' in version `normal'
(Font)                  OT1/cmtt/m/n --> OT1/lmtt/m/n on input line 34.
LaTeX Font Info:    Overwriting math alphabet `\mathbf' in version `bold'
(Font)                  OT1/cmr/bx/n --> OT1/lmr/bx/n on input line 35.
LaTeX Font Info:    Overwriting math alphabet `\mathsf' in version `bold'
(Font)                  OT1/cmss/bx/n --> OT1/lmss/bx/n on input line 36.
LaTeX Font Info:    Overwriting math alphabet `\mathit' in version `bold'
(Font)                  OT1/cmr/bx/it --> OT1/lmr/bx/it on input line 37.
LaTeX Font Info:    Overwriting math alphabet `\mathtt' in version `bold'
(Font)                  OT1/cmtt/m/n --> OT1/lmtt/m/n on input line 38.
) (graphicx.sty
Package: graphicx 2021/09/16 v1.2d Enhanced LaTeX Graphics (DPC,SPQR)
 (keyval.sty
Package: keyval 2014/10/28 v1.15 key=value parser (DPC)
\KV@toks@=\toks20
) (graphics.sty
Package: graphics 2021/03/04 v1.4d Standard LaTeX Graphics (DPC,SPQR)
 (trig.sty
Package: trig 2021/08/11 v1.11 sin cos tan (DPC)
) (graphics.cfg
File: graphics.cfg 2016/06/04 v1.11 sample graphics configuration
)
Package graphics Info: Driver file: xetex.def on input line 107.
 (xetex.def
File: xetex.def 2021/03/18 v5.0k Graphics/color driver for xetex
))
\Gin@req@height=\dimen161
\Gin@req@width=\dimen162
) (amsmath.sty
Package: amsmath 2021/10/15 v2.17l AMS math features
\@mathmargin=\skip51

For additional information on amsmath, use the `?' option.
(amstext.sty
Package: amstext 2021/08/26 v2.01 AMS text
 (amsgen.sty
File: amsgen.sty 1999/11/30 v2.0 generic functions
\@emptytoks=\toks21
\ex@=\dimen163
)) (amsbsy.sty
Package: amsbsy 1999/11/29 v1.2d Bold Symbols
\pmbraise@=\dimen164
) (amsopn.sty
Package: amsopn 2021/08/26 v2.02 operator names
)
\inf@bad=\count285
LaTeX Info: Redefining \frac on input line 234.
\uproot@=\count286
\leftroot@=\count287
LaTeX Info: Redefining \overline on input line 399.
\classnum@=\count288
\DOTSCASE@=\count289
LaTeX Info: Redefining \ldots on input line 496.
LaTeX Info: Redefining \dots on input line 499.
LaTeX Info: Redefining \cdots on input line 620.
\Mathstrutbox@=\box97
\strutbox@=\box98
\big@size=\dimen165
LaTeX Font Info:    Redeclaring font encoding OML on input line 743.
LaTeX Font Info:    Redeclaring font encoding OMS on input line 744.


Package amsmath Warning: Unable to redefine math accent \vec.

\macc@depth=\count290
\c@MaxMatrixCols=\count291
\dotsspace@=\muskip16
\c@parentequation=\count292
\dspbrk@lvl=\count293
\tag@help=\toks22
\row@=\count294
\column@=\count295
\maxfields@=\count296
\andhelp@=\toks23
\eqnshift@=\dimen166
\alignsep@=\dimen167
\tagshift@=\dimen168
\tagwidth@=\dimen169
\totwidth@=\dimen170
\lineht@=\dimen171
\@envbody=\toks24
\multlinegap=\skip52
\multlinetaggap=\skip53
\mathdisplay@stack=\toks25
LaTeX Info: Redefining \[ on input line 2938.
LaTeX Info: Redefining \] on input line 2939.
) (amssymb.sty
Package: amssymb 2013/01/14 v3.01 AMS font symbols
 (amsfonts.sty
Package: amsfonts 2013/01/14 v3.01 Basic AMSFonts support
\symAMSa=\mathgroup4
\symAMSb=\mathgroup5
LaTeX Font Info:    Redeclaring math symbol \hbar on input line 98.
LaTeX Font Info:    Overwriting math alphabet `\mathfrak' in version `bold'
(Font)                  U/euf/m/n --> U/euf/b/n on input line 106.
)) (booktabs.sty
Package: booktabs 2020/01/12 v1.61803398 Publication quality tables
\heavyrulewidth=\dimen172
\lightrulewidth=\dimen173
\cmidrulewidth=\dimen174
\belowrulesep=\dimen175
\belowbottomsep=\dimen176
\aboverulesep=\dimen177
\abovetopsep=\dimen178
\cmidrulesep=\dimen179
\cmidrulekern=\dimen180
\defaultaddspace=\dimen181
\@cmidla=\count297
\@cmidlb=\count298
\@aboverulesep=\dimen182
\@belowrulesep=\dimen183
\@thisruleclass=\count299
\@lastruleclass=\count300
\@thisrulewidth=\dimen184
) (xcolor.sty
Package: xcolor 2021/10/31 v2.13 LaTeX color extensions (UK)
 (color.cfg
File: color.cfg 2016/01/02 v1.6 sample color configuration
)
Package xcolor Info: Driver file: xetex.def on input line 227.

(colortbl.sty
Package: colortbl 2020/01/04 v1.0e Color table columns (DPC)
 (array.sty
Package: array 2021/10/04 v2.5f Tabular extension package (FMi)
\col@sep=\dimen185
\ar@mcellbox=\box99
\extrarowheight=\dimen186
\NC@list=\toks26
\extratabsurround=\skip54
\backup@length=\skip55
\ar@cellbox=\box100
)
\everycr=\toks27
\minrowclearance=\skip56
)
\rownum=\count301
Package xcolor Info: Model `cmy' substituted by `cmy0' on input line 1352.
Package xcolor Info: Model `RGB' extended on input line 1368.
Package xcolor Info: Model `HTML' substituted by `rgb' on input line 1370.
Package xcolor Info: Model `Hsb' substituted by `hsb' on input line 1371.
Package xcolor Info: Model `tHsb' substituted by `hsb' on input line 1372.
Package xcolor Info: Model `HSB' substituted by `hsb' on input line 1373.
Package xcolor Info: Model `Gray' substituted by `gray' on input line 1374.
Package xcolor Info: Model `wave' substituted by `hsb' on input line 1375.
) (float.sty
Package: float 2001/11/08 v1.3d Float enhancements (AL)
\c@float@type=\count302
\float@exts=\toks28
\float@box=\box101
\@float@everytoks=\toks29
\@floatcapt=\box102
) (hyperref.sty
Package: hyperref 2022-02-21 v7.00n Hypertext links for LaTeX
 (ltxcmds.sty
Package: ltxcmds 2020-05-10 v1.25 LaTeX kernel commands for general use (HO)
) (iftex.sty
Package: iftex 2022/02/03 v1.0f TeX engine tests
) (pdftexcmds.sty
Package: pdftexcmds 2020-06-27 v0.33 Utility functions of pdfTeX for LuaTeX (HO
)
 (infwarerr.sty
Package: infwarerr 2019/12/03 v1.5 Providing info/warning/error messages (HO)
)
Package pdftexcmds Info: \pdf@primitive is available.
Package pdftexcmds Info: \pdf@ifprimitive is available.
Package pdftexcmds Info: \pdfdraftmode not found.
) (kvsetkeys.sty
Package: kvsetkeys 2019/12/15 v1.18 Key value parser (HO)
) (kvdefinekeys.sty
Package: kvdefinekeys 2019-12-19 v1.6 Define keys (HO)
)
(pdfescape.sty
Package: pdfescape 2019/12/09 v1.15 Implements pdfTeX's escape features (HO)
) (hycolor.sty
Package: hycolor 2020-01-27 v1.10 Color options for hyperref/bookmark (HO)
) (letltxmacro.sty
Package: letltxmacro 2019/12/03 v1.6 Let assignment for LaTeX macros (HO)
) (auxhook.sty
Package: auxhook 2019-12-17 v1.6 Hooks for auxiliary files (HO)
) (kvoptions.sty
Package: kvoptions 2020-10-07 v3.14 Key value format for package options (HO)
)
\@linkdim=\dimen187
\Hy@linkcounter=\count303
\Hy@pagecounter=\count304

(pd1enc.def
File: pd1enc.def 2022-02-21 v7.00n Hyperref: PDFDocEncoding definition (HO)
) (intcalc.sty
Package: intcalc 2019/12/15 v1.3 Expandable calculations with integers (HO)
) (etexcmds.sty
Package: etexcmds 2019/12/15 v1.7 Avoid name clashes with e-TeX commands (HO)
)
\Hy@SavedSpaceFactor=\count305
 (puenc.def
File: puenc.def 2022-02-21 v7.00n Hyperref: PDF Unicode definition (HO)
)
Package hyperref Info: Hyper figures OFF on input line 4137.
Package hyperref Info: Link nesting OFF on input line 4142.
Package hyperref Info: Hyper index ON on input line 4145.
Package hyperref Info: Plain pages OFF on input line 4152.
Package hyperref Info: Backreferencing OFF on input line 4157.
Package hyperref Info: Implicit mode ON; LaTeX internals redefined.
Package hyperref Info: Bookmarks ON on input line 4390.
\c@Hy@tempcnt=\count306
 (url.sty
\Urlmuskip=\muskip17
Package: url 2013/09/16  ver 3.4  Verb mode for urls, etc.
)
LaTeX Info: Redefining \url on input line 4749.
\XeTeXLinkMargin=\dimen188
 (bitset.sty
Package: bitset 2019/12/09 v1.3 Handle bit-vector datatype (HO)

(bigintcalc.sty
Package: bigintcalc 2019/12/15 v1.5 Expandable calculations on big integers (HO
)
))
\Fld@menulength=\count307
\Field@Width=\dimen189
\Fld@charsize=\dimen190
Package hyperref Info: Hyper figures OFF on input line 6027.
Package hyperref Info: Link nesting OFF on input line 6032.
Package hyperref Info: Hyper index ON on input line 6035.
Package hyperref Info: backreferencing OFF on input line 6042.
Package hyperref Info: Link coloring OFF on input line 6047.
Package hyperref Info: Link coloring with OCG OFF on input line 6052.
Package hyperref Info: PDF/A mode OFF on input line 6057.
LaTeX Info: Redefining \ref on input line 6097.
LaTeX Info: Redefining \pageref on input line 6101.
 (atbegshi-ltx.sty
Package: atbegshi-ltx 2021/01/10 v1.0c Emulation of the original atbegshi
package with kernel methods
)
\Hy@abspage=\count308
\c@Item=\count309
\c@Hfootnote=\count310
)
Package hyperref Info: Driver (autodetected): hxetex.
 (hxetex.def
File: hxetex.def 2022-02-21 v7.00n Hyperref driver for XeTeX
 (stringenc.sty
Package: stringenc 2019/11/29 v1.12 Convert strings between diff. encodings (HO
)
)
\pdfm@box=\box103
\c@Hy@AnnotLevel=\count311
\HyField@AnnotCount=\count312
\Fld@listcount=\count313
\c@bookmark@seq@number=\count314

(rerunfilecheck.sty
Package: rerunfilecheck 2019/12/05 v1.9 Rerun checks for auxiliary files (HO)
 (atveryend-ltx.sty
Package: atveryend-ltx 2020/08/19 v1.0a Emulation of the original atveryend pac
kage
with kernel methods
) (uniquecounter.sty
Package: uniquecounter 2019/12/15 v1.4 Provide unlimited unique counter (HO)
)
Package uniquecounter Info: New unique counter `rerunfilecheck' on input line 2
86.
)
\Hy@SectionHShift=\skip57
)
(l3backend-xetex.def
File: l3backend-xetex.def 2022-02-07 L3 backend support: XeTeX
\c__kernel_sys_dvipdfmx_version_int=\count315
\l__color_backend_stack_int=\count316
\g__color_backend_stack_int=\count317
\g__graphics_track_int=\count318
\l__pdf_internal_box=\box104
\g__pdf_backend_object_int=\count319
\g__pdf_backend_annotation_int=\count320
\g__pdf_backend_link_int=\count321
) (Group12_Assignment2_report.aux)
\openout1 = `Group12_Assignment2_report.aux'.

LaTeX Font Info:    Checking defaults for OML/cmm/m/it on input line 36.
LaTeX Font Info:    ... okay on input line 36.
LaTeX Font Info:    Checking defaults for OMS/cmsy/m/n on input line 36.
LaTeX Font Info:    ... okay on input line 36.
LaTeX Font Info:    Checking defaults for OT1/cmr/m/n on input line 36.
LaTeX Font Info:    ... okay on input line 36.
LaTeX Font Info:    Checking defaults for T1/cmr/m/n on input line 36.
LaTeX Font Info:    ... okay on input line 36.
LaTeX Font Info:    Checking defaults for TS1/cmr/m/n on input line 36.
LaTeX Font Info:    Trying to load font information for TS1+cmr on input line 3
6.
 (ts1cmr.fd
File: ts1cmr.fd 2019/12/16 v2.5j Standard LaTeX font definitions
)
LaTeX Font Info:    ... okay on input line 36.
LaTeX Font Info:    Checking defaults for TU/lmr/m/n on input line 36.
LaTeX Font Info:    ... okay on input line 36.
LaTeX Font Info:    Checking defaults for OMX/cmex/m/n on input line 36.
LaTeX Font Info:    ... okay on input line 36.
LaTeX Font Info:    Checking defaults for U/cmr/m/n on input line 36.
LaTeX Font Info:    ... okay on input line 36.
LaTeX Font Info:    Checking defaults for PD1/pdf/m/n on input line 36.
LaTeX Font Info:    ... okay on input line 36.
LaTeX Font Info:    Checking defaults for PU/pdf/m/n on input line 36.
LaTeX Font Info:    ... okay on input line 36.
Package hyperref Info: Link coloring OFF on input line 36.
 (nameref.sty
Package: nameref 2021-04-02 v2.47 Cross-referencing by name of section
(refcount.sty
Package: refcount 2019/12/15 v3.6 Data extraction from label references (HO)
) (gettitlestring.sty
Package: gettitlestring 2019/12/15 v1.6 Cleanup title references (HO)
)
\c@section@level=\count322
)
LaTeX Info: Redefining \ref on input line 36.
LaTeX Info: Redefining \pageref on input line 36.
LaTeX Info: Redefining \nameref on input line 36.
 (Group12_Assignment2_report.out)
(Group12_Assignment2_report.out)
\@outlinefile=\write3
\openout3 = `Group12_Assignment2_report.out'.

File: IITDh_logo.png Graphic file (type bmp)
<IITDh_logo.png>
LaTeX Font Info:    Trying to load font information for OT1+lmr on input line 4
8.
 (ot1lmr.fd
File: ot1lmr.fd 2015/05/01 v1.6.1 Font defs for Latin Modern
)
LaTeX Font Info:    Trying to load font information for OML+lmm on input line 4
8.
 (omllmm.fd
File: omllmm.fd 2015/05/01 v1.6.1 Font defs for Latin Modern
)
LaTeX Font Info:    Trying to load font information for OMS+lmsy on input line 
48.
 (omslmsy.fd
File: omslmsy.fd 2015/05/01 v1.6.1 Font defs for Latin Modern
)
LaTeX Font Info:    Trying to load font information for OMX+lmex on input line 
48.

(omxlmex.fd
File: omxlmex.fd 2015/05/01 v1.6.1 Font defs for Latin Modern
)
LaTeX Font Info:    External font `lmex10' loaded for size
(Font)              <10> on input line 48.
LaTeX Font Info:    External font `lmex10' loaded for size
(Font)              <7> on input line 48.
LaTeX Font Info:    External font `lmex10' loaded for size
(Font)              <5> on input line 48.
LaTeX Font Info:    Trying to load font information for U+msa on input line 48.

 (umsa.fd
File: umsa.fd 2013/01/14 v3.01 AMS symbols A
)
LaTeX Font Info:    Trying to load font information for U+msb on input line 48.

 (umsb.fd
File: umsb.fd 2013/01/14 v3.01 AMS symbols B
)

Package hyperref Warning: Token not allowed in a PDF string (Unicode):
(hyperref)                removing `\includegraphics' on input line 48.


Package hyperref Warning: Token not allowed in a PDF string (Unicode):
(hyperref)                removing `subscript' on input line 48.


Package hyperref Warning: Token not allowed in a PDF string (Unicode):
(hyperref)                removing `\\' on input line 48.


Package hyperref Warning: Token not allowed in a PDF string (Unicode):
(hyperref)                removing `\\' on input line 48.

LaTeX Font Info:    External font `lmex10' loaded for size
(Font)              <9> on input line 50.
LaTeX Font Info:    External font `lmex10' loaded for size
(Font)              <6> on input line 50.
LaTeX Font Info:    Trying to load font information for T1+lmtt on input line 5
4.
(t1lmtt.fd
File: t1lmtt.fd 2015/05/01 v1.6.1 Font defs for Latin Modern
) [1

] [2] [3] [4] [5]
File: figures/classification_ls__model_selection_accuracy.png Graphic file (typ
e bmp)
<figures/classification_ls__model_selection_accuracy.png>
File: figures/classification_ls__error_curves__hidden_8.png Graphic file (type 
bmp)
<figures/classification_ls__error_curves__hidden_8.png>
 [6

]
File: figures/classification_ls__error_curves__hidden_16.png Graphic file (type
 bmp)
<figures/classification_ls__error_curves__hidden_16.png>
File: figures/classification_ls__error_curves__hidden_32.png Graphic file (type
 bmp)
<figures/classification_ls__error_curves__hidden_32.png>

Underfull \vbox (badness 10000) has occurred while \output is active []

 [7]
File: figures/classification_ls__error_curves__hidden_64.png Graphic file (type
 bmp)
<figures/classification_ls__error_curves__hidden_64.png>

[8] [9

]
File: figures/classification_ls__best_architecture__error_vs_epochs.png Graphic
 file (type bmp)
<figures/classification_ls__best_architecture__error_vs_epochs.png>
File: figures/classification_ls__best_architecture__decision_region_train.png G
raphic file (type bmp)
<figures/classification_ls__best_architecture__decision_region_train.png>

Underfull \vbox (badness 10000) has occurred while \output is active []

 [10

]
[11] [12

]
File: figures/classification_ls__best_architecture__node_outputs__hidden_layer1
__train__node_001.png Graphic file (type bmp)
<figures/classification_ls__best_architecture__node_outputs__hidden_layer1__tra
in__node_001.png>
File: figures/classification_ls__best_architecture__node_outputs__hidden_layer1
__train__node_002.png Graphic file (type bmp)
<figures/classification_ls__best_architecture__node_outputs__hidden_layer1__tra
in__node_002.png>
File: figures/classification_ls__best_architecture__node_outputs__hidden_layer1
__train__node_003.png Graphic file (type bmp)
<figures/classification_ls__best_architecture__node_outputs__hidden_layer1__tra
in__node_003.png>
File: figures/classification_ls__best_architecture__node_outputs__hidden_layer1
__train__node_004.png Graphic file (type bmp)
<figures/classification_ls__best_architecture__node_outputs__hidden_layer1__tra
in__node_004.png>
File: figures/classification_ls__best_architecture__node_outputs__hidden_layer1
__train__node_005.png Graphic file (type bmp)
<figures/classification_ls__best_architecture__node_outputs__hidden_layer1__tra
in__node_005.png>
File: figures/classification_ls__best_architecture__node_outputs__hidden_layer1
__train__node_006.png Graphic file (type bmp)
<figures/classification_ls__best_architecture__node_outputs__hidden_layer1__tra
in__node_006.png>
File: figures/classification_ls__best_architecture__node_outputs__hidden_layer1
__val__node_001.png Graphic file (type bmp)
<figures/classification_ls__best_architecture__node_outputs__hidden_layer1__val
__node_001.png>
File: figures/classification_ls__best_architecture__node_outputs__hidden_layer1
__val__node_002.png Graphic file (type bmp)
<figures/classification_ls__best_architecture__node_outputs__hidden_layer1__val
__node_002.png>
File: figures/classification_ls__best_architecture__node_outputs__hidden_layer1
__val__node_003.png Graphic file (type bmp)
<figures/classification_ls__best_architecture__node_outputs__hidden_layer1__val
__node_003.png>
File: figures/classification_ls__best_architecture__node_outputs__hidden_layer1
__val__node_004.png Graphic file (type bmp)
<figures/classification_ls__best_architecture__node_outputs__hidden_layer1__val
__node_004.png>
File: figures/classification_ls__best_architecture__node_outputs__hidden_layer1
__val__node_005.png Graphic file (type bmp)
<figures/classification_ls__best_architecture__node_outputs__hidden_layer1__val
__node_005.png>
File: figures/classification_ls__best_architecture__node_outputs__hidden_layer1
__val__node_006.png Graphic file (type bmp)
<figures/classification_ls__best_architecture__node_outputs__hidden_layer1__val
__node_006.png>

Underfull \vbox (badness 10000) has occurred while \output is active []

 [13

]
File: figures/classification_ls__best_architecture__node_outputs__hidden_layer1
__test__node_001.png Graphic file (type bmp)
<figures/classification_ls__best_architecture__node_outputs__hidden_layer1__tes
t__node_001.png>
File: figures/classification_ls__best_architecture__node_outputs__hidden_layer1
__test__node_002.png Graphic file (type bmp)
<figures/classification_ls__best_architecture__node_outputs__hidden_layer1__tes
t__node_002.png>
File: figures/classification_ls__best_architecture__node_outputs__hidden_layer1
__test__node_003.png Graphic file (type bmp)
<figures/classification_ls__best_architecture__node_outputs__hidden_layer1__tes
t__node_003.png>
File: figures/classification_ls__best_architecture__node_outputs__hidden_layer1
__test__node_004.png Graphic file (type bmp)
<figures/classification_ls__best_architecture__node_outputs__hidden_layer1__tes
t__node_004.png>
File: figures/classification_ls__best_architecture__node_outputs__hidden_layer1
__test__node_005.png Graphic file (type bmp)
<figures/classification_ls__best_architecture__node_outputs__hidden_layer1__tes
t__node_005.png>
File: figures/classification_ls__best_architecture__node_outputs__hidden_layer1
__test__node_006.png Graphic file (type bmp)
<figures/classification_ls__best_architecture__node_outputs__hidden_layer1__tes
t__node_006.png>

[14]
File: figures/classification_ls__best_architecture__node_outputs__output_layer_
_train__node_001.png Graphic file (type bmp)
<figures/classification_ls__best_architecture__node_outputs__output_layer__trai
n__node_001.png>
File: figures/classification_ls__best_architecture__node_outputs__output_layer_
_train__node_002.png Graphic file (type bmp)
<figures/classification_ls__best_architecture__node_outputs__output_layer__trai
n__node_002.png>
File: figures/classification_ls__best_architecture__node_outputs__output_layer_
_train__node_003.png Graphic file (type bmp)
<figures/classification_ls__best_architecture__node_outputs__output_layer__trai
n__node_003.png>
File: figures/classification_ls__best_architecture__node_outputs__output_layer_
_val__node_001.png Graphic file (type bmp)
<figures/classification_ls__best_architecture__node_outputs__output_layer__val_
_node_001.png>
File: figures/classification_ls__best_architecture__node_outputs__output_layer_
_val__node_002.png Graphic file (type bmp)
<figures/classification_ls__best_architecture__node_outputs__output_layer__val_
_node_002.png>
File: figures/classification_ls__best_architecture__node_outputs__output_layer_
_val__node_003.png Graphic file (type bmp)
<figures/classification_ls__best_architecture__node_outputs__output_layer__val_
_node_003.png>
File: figures/classification_ls__best_architecture__node_outputs__output_layer_
_test__node_001.png Graphic file (type bmp)
<figures/classification_ls__best_architecture__node_outputs__output_layer__test
__node_001.png>
File: figures/classification_ls__best_architecture__node_outputs__output_layer_
_test__node_002.png Graphic file (type bmp)
<figures/classification_ls__best_architecture__node_outputs__output_layer__test
__node_002.png>
File: figures/classification_ls__best_architecture__node_outputs__output_layer_
_test__node_003.png Graphic file (type bmp)
<figures/classification_ls__best_architecture__node_outputs__output_layer__test
__node_003.png>
 [15

]
File: figures/classification_ls__baseline_single_neuron_decision_region_train.p
ng Graphic file (type bmp)
<figures/classification_ls__baseline_single_neuron_decision_region_train.png>
 [16

] [17]
File: figures/classification_nls__model_selection_accuracy.png Graphic file (ty
pe bmp)
<figures/classification_nls__model_selection_accuracy.png>
File: figures/classification_nls__error_curves__hidden_16-8.png Graphic file (t
ype bmp)
<figures/classification_nls__error_curves__hidden_16-8.png>
 [18

]
File: figures/classification_nls__error_curves__hidden_32-16.png Graphic file (
type bmp)
<figures/classification_nls__error_curves__hidden_32-16.png>
File: figures/classification_nls__error_curves__hidden_64-16.png Graphic file (
type bmp)
<figures/classification_nls__error_curves__hidden_64-16.png>

Underfull \vbox (badness 10000) has occurred while \output is active []

 [19]
File: figures/classification_nls__error_curves__hidden_64-32.png Graphic file (
type bmp)
<figures/classification_nls__error_curves__hidden_64-32.png>

[20] [21

]
File: figures/classification_nls__best_architecture__error_vs_epochs.png Graphi
c file (type bmp)
<figures/classification_nls__best_architecture__error_vs_epochs.png>
File: figures/classification_nls__best_architecture__decision_region_train.png 
Graphic file (type bmp)
<figures/classification_nls__best_architecture__decision_region_train.png>

Underfull \vbox (badness 10000) has occurred while \output is active []

 [22

]
[23] [24

]
File: figures/classification_nls__best_architecture__node_outputs__hidden_layer
1__train__node_001.png Graphic file (type bmp)
<figures/classification_nls__best_architecture__node_outputs__hidden_layer1__tr
ain__node_001.png>
File: figures/classification_nls__best_architecture__node_outputs__hidden_layer
1__train__node_002.png Graphic file (type bmp)
<figures/classification_nls__best_architecture__node_outputs__hidden_layer1__tr
ain__node_002.png>
File: figures/classification_nls__best_architecture__node_outputs__hidden_layer
1__train__node_003.png Graphic file (type bmp)
<figures/classification_nls__best_architecture__node_outputs__hidden_layer1__tr
ain__node_003.png>
File: figures/classification_nls__best_architecture__node_outputs__hidden_layer
1__train__node_004.png Graphic file (type bmp)
<figures/classification_nls__best_architecture__node_outputs__hidden_layer1__tr
ain__node_004.png>
File: figures/classification_nls__best_architecture__node_outputs__hidden_layer
1__train__node_005.png Graphic file (type bmp)
<figures/classification_nls__best_architecture__node_outputs__hidden_layer1__tr
ain__node_005.png>
File: figures/classification_nls__best_architecture__node_outputs__hidden_layer
1__train__node_006.png Graphic file (type bmp)
<figures/classification_nls__best_architecture__node_outputs__hidden_layer1__tr
ain__node_006.png>
File: figures/classification_nls__best_architecture__node_outputs__hidden_layer
1__val__node_001.png Graphic file (type bmp)
<figures/classification_nls__best_architecture__node_outputs__hidden_layer1__va
l__node_001.png>
File: figures/classification_nls__best_architecture__node_outputs__hidden_layer
1__val__node_002.png Graphic file (type bmp)
<figures/classification_nls__best_architecture__node_outputs__hidden_layer1__va
l__node_002.png>
File: figures/classification_nls__best_architecture__node_outputs__hidden_layer
1__val__node_003.png Graphic file (type bmp)
<figures/classification_nls__best_architecture__node_outputs__hidden_layer1__va
l__node_003.png>
File: figures/classification_nls__best_architecture__node_outputs__hidden_layer
1__val__node_004.png Graphic file (type bmp)
<figures/classification_nls__best_architecture__node_outputs__hidden_layer1__va
l__node_004.png>
File: figures/classification_nls__best_architecture__node_outputs__hidden_layer
1__val__node_005.png Graphic file (type bmp)
<figures/classification_nls__best_architecture__node_outputs__hidden_layer1__va
l__node_005.png>
File: figures/classification_nls__best_architecture__node_outputs__hidden_layer
1__val__node_006.png Graphic file (type bmp)
<figures/classification_nls__best_architecture__node_outputs__hidden_layer1__va
l__node_006.png>

Underfull \vbox (badness 10000) has occurred while \output is active []

 [25

]
File: figures/classification_nls__best_architecture__node_outputs__hidden_layer
1__test__node_001.png Graphic file (type bmp)
<figures/classification_nls__best_architecture__node_outputs__hidden_layer1__te
st__node_001.png>
File: figures/classification_nls__best_architecture__node_outputs__hidden_layer
1__test__node_002.png Graphic file (type bmp)
<figures/classification_nls__best_architecture__node_outputs__hidden_layer1__te
st__node_002.png>
File: figures/classification_nls__best_architecture__node_outputs__hidden_layer
1__test__node_003.png Graphic file (type bmp)
<figures/classification_nls__best_architecture__node_outputs__hidden_layer1__te
st__node_003.png>
File: figures/classification_nls__best_architecture__node_outputs__hidden_layer
1__test__node_004.png Graphic file (type bmp)
<figures/classification_nls__best_architecture__node_outputs__hidden_layer1__te
st__node_004.png>
File: figures/classification_nls__best_architecture__node_outputs__hidden_layer
1__test__node_005.png Graphic file (type bmp)
<figures/classification_nls__best_architecture__node_outputs__hidden_layer1__te
st__node_005.png>
File: figures/classification_nls__best_architecture__node_outputs__hidden_layer
1__test__node_006.png Graphic file (type bmp)
<figures/classification_nls__best_architecture__node_outputs__hidden_layer1__te
st__node_006.png>

[26]
File: figures/classification_nls__best_architecture__node_outputs__hidden_layer
2__train__node_001.png Graphic file (type bmp)
<figures/classification_nls__best_architecture__node_outputs__hidden_layer2__tr
ain__node_001.png>
File: figures/classification_nls__best_architecture__node_outputs__hidden_layer
2__train__node_002.png Graphic file (type bmp)
<figures/classification_nls__best_architecture__node_outputs__hidden_layer2__tr
ain__node_002.png>
File: figures/classification_nls__best_architecture__node_outputs__hidden_layer
2__train__node_003.png Graphic file (type bmp)
<figures/classification_nls__best_architecture__node_outputs__hidden_layer2__tr
ain__node_003.png>
File: figures/classification_nls__best_architecture__node_outputs__hidden_layer
2__train__node_004.png Graphic file (type bmp)
<figures/classification_nls__best_architecture__node_outputs__hidden_layer2__tr
ain__node_004.png>
File: figures/classification_nls__best_architecture__node_outputs__hidden_layer
2__train__node_005.png Graphic file (type bmp)
<figures/classification_nls__best_architecture__node_outputs__hidden_layer2__tr
ain__node_005.png>
File: figures/classification_nls__best_architecture__node_outputs__hidden_layer
2__train__node_006.png Graphic file (type bmp)
<figures/classification_nls__best_architecture__node_outputs__hidden_layer2__tr
ain__node_006.png>
File: figures/classification_nls__best_architecture__node_outputs__hidden_layer
2__val__node_001.png Graphic file (type bmp)
<figures/classification_nls__best_architecture__node_outputs__hidden_layer2__va
l__node_001.png>
File: figures/classification_nls__best_architecture__node_outputs__hidden_layer
2__val__node_002.png Graphic file (type bmp)
<figures/classification_nls__best_architecture__node_outputs__hidden_layer2__va
l__node_002.png>
File: figures/classification_nls__best_architecture__node_outputs__hidden_layer
2__val__node_003.png Graphic file (type bmp)
<figures/classification_nls__best_architecture__node_outputs__hidden_layer2__va
l__node_003.png>
File: figures/classification_nls__best_architecture__node_outputs__hidden_layer
2__val__node_004.png Graphic file (type bmp)
<figures/classification_nls__best_architecture__node_outputs__hidden_layer2__va
l__node_004.png>
File: figures/classification_nls__best_architecture__node_outputs__hidden_layer
2__val__node_005.png Graphic file (type bmp)
<figures/classification_nls__best_architecture__node_outputs__hidden_layer2__va
l__node_005.png>
File: figures/classification_nls__best_architecture__node_outputs__hidden_layer
2__val__node_006.png Graphic file (type bmp)
<figures/classification_nls__best_architecture__node_outputs__hidden_layer2__va
l__node_006.png>

Underfull \vbox (badness 10000) has occurred while \output is active []

 [27

]
File: figures/classification_nls__best_architecture__node_outputs__hidden_layer
2__test__node_001.png Graphic file (type bmp)
<figures/classification_nls__best_architecture__node_outputs__hidden_layer2__te
st__node_001.png>
File: figures/classification_nls__best_architecture__node_outputs__hidden_layer
2__test__node_002.png Graphic file (type bmp)
<figures/classification_nls__best_architecture__node_outputs__hidden_layer2__te
st__node_002.png>
File: figures/classification_nls__best_architecture__node_outputs__hidden_layer
2__test__node_003.png Graphic file (type bmp)
<figures/classification_nls__best_architecture__node_outputs__hidden_layer2__te
st__node_003.png>
File: figures/classification_nls__best_architecture__node_outputs__hidden_layer
2__test__node_004.png Graphic file (type bmp)
<figures/classification_nls__best_architecture__node_outputs__hidden_layer2__te
st__node_004.png>
File: figures/classification_nls__best_architecture__node_outputs__hidden_layer
2__test__node_005.png Graphic file (type bmp)
<figures/classification_nls__best_architecture__node_outputs__hidden_layer2__te
st__node_005.png>
File: figures/classification_nls__best_architecture__node_outputs__hidden_layer
2__test__node_006.png Graphic file (type bmp)
<figures/classification_nls__best_architecture__node_outputs__hidden_layer2__te
st__node_006.png>

[28]
File: figures/classification_nls__best_architecture__node_outputs__output_layer
__train__node_001.png Graphic file (type bmp)
<figures/classification_nls__best_architecture__node_outputs__output_layer__tra
in__node_001.png>
File: figures/classification_nls__best_architecture__node_outputs__output_layer
__train__node_002.png Graphic file (type bmp)
<figures/classification_nls__best_architecture__node_outputs__output_layer__tra
in__node_002.png>
File: figures/classification_nls__best_architecture__node_outputs__output_layer
__train__node_003.png Graphic file (type bmp)
<figures/classification_nls__best_architecture__node_outputs__output_layer__tra
in__node_003.png>
File: figures/classification_nls__best_architecture__node_outputs__output_layer
__val__node_001.png Graphic file (type bmp)
<figures/classification_nls__best_architecture__node_outputs__output_layer__val
__node_001.png>
File: figures/classification_nls__best_architecture__node_outputs__output_layer
__val__node_002.png Graphic file (type bmp)
<figures/classification_nls__best_architecture__node_outputs__output_layer__val
__node_002.png>
File: figures/classification_nls__best_architecture__node_outputs__output_layer
__val__node_003.png Graphic file (type bmp)
<figures/classification_nls__best_architecture__node_outputs__output_layer__val
__node_003.png>
File: figures/classification_nls__best_architecture__node_outputs__output_layer
__test__node_001.png Graphic file (type bmp)
<figures/classification_nls__best_architecture__node_outputs__output_layer__tes
t__node_001.png>
File: figures/classification_nls__best_architecture__node_outputs__output_layer
__test__node_002.png Graphic file (type bmp)
<figures/classification_nls__best_architecture__node_outputs__output_layer__tes
t__node_002.png>
File: figures/classification_nls__best_architecture__node_outputs__output_layer
__test__node_003.png Graphic file (type bmp)
<figures/classification_nls__best_architecture__node_outputs__output_layer__tes
t__node_003.png>
 [29

]
File: figures/classification_nls__baseline_single_neuron_decision_region_train.
png Graphic file (type bmp)
<figures/classification_nls__baseline_single_neuron_decision_region_train.png>
 [30

] [31]
File: figures/regression_univariate__model_selection_rmse.png Graphic file (typ
e bmp)
<figures/regression_univariate__model_selection_rmse.png>

Underfull \vbox (badness 10000) has occurred while \output is active []

 [32

]
File: figures/regression_univariate__error_curves__hidden_8.png Graphic file (t
ype bmp)
<figures/regression_univariate__error_curves__hidden_8.png>
File: figures/regression_univariate__error_curves__hidden_16.png Graphic file (
type bmp)
<figures/regression_univariate__error_curves__hidden_16.png>

Underfull \vbox (badness 10000) has occurred while \output is active []

 [33]
File: figures/regression_univariate__error_curves__hidden_32.png Graphic file (
type bmp)
<figures/regression_univariate__error_curves__hidden_32.png>
File: figures/regression_univariate__error_curves__hidden_64.png Graphic file (
type bmp)
<figures/regression_univariate__error_curves__hidden_64.png>

Underfull \vbox (badness 10000) has occurred while \output is active []

 [34]
[35]
File: figures/regression_univariate__best_architecture__error_vs_epochs.png Gra
phic file (type bmp)
<figures/regression_univariate__best_architecture__error_vs_epochs.png>
File: figures/regression_univariate__best_architecture__model_vs_target_train.p
ng Graphic file (type bmp)
<figures/regression_univariate__best_architecture__model_vs_target_train.png>

Underfull \vbox (badness 10000) has occurred while \output is active []

 [36

]
File: figures/regression_univariate__best_architecture__model_vs_target_val.png
 Graphic file (type bmp)
<figures/regression_univariate__best_architecture__model_vs_target_val.png>
File: figures/regression_univariate__best_architecture__model_vs_target_test.pn
g Graphic file (type bmp)
<figures/regression_univariate__best_architecture__model_vs_target_test.png>

Underfull \vbox (badness 10000) has occurred while \output is active []

 [37]
[38]
File: figures/regression_univariate__best_architecture__scatter_target_vs_model
_train.png Graphic file (type bmp)
<figures/regression_univariate__best_architecture__scatter_target_vs_model_trai
n.png>
File: figures/regression_univariate__best_architecture__scatter_target_vs_model
_val.png Graphic file (type bmp)
<figures/regression_univariate__best_architecture__scatter_target_vs_model_val.
png>

Underfull \vbox (badness 10000) has occurred while \output is active []

 [39

]
File: figures/regression_univariate__best_architecture__scatter_target_vs_model
_test.png Graphic file (type bmp)
<figures/regression_univariate__best_architecture__scatter_target_vs_model_test
.png>

[40]
File: figures/regression_univariate__best_architecture__node_outputs__hidden_la
yer1__train__node_001.png Graphic file (type bmp)
<figures/regression_univariate__best_architecture__node_outputs__hidden_layer1_
_train__node_001.png>
File: figures/regression_univariate__best_architecture__node_outputs__hidden_la
yer1__train__node_002.png Graphic file (type bmp)
<figures/regression_univariate__best_architecture__node_outputs__hidden_layer1_
_train__node_002.png>
File: figures/regression_univariate__best_architecture__node_outputs__hidden_la
yer1__train__node_003.png Graphic file (type bmp)
<figures/regression_univariate__best_architecture__node_outputs__hidden_layer1_
_train__node_003.png>
File: figures/regression_univariate__best_architecture__node_outputs__hidden_la
yer1__train__node_004.png Graphic file (type bmp)
<figures/regression_univariate__best_architecture__node_outputs__hidden_layer1_
_train__node_004.png>
File: figures/regression_univariate__best_architecture__node_outputs__hidden_la
yer1__train__node_005.png Graphic file (type bmp)
<figures/regression_univariate__best_architecture__node_outputs__hidden_layer1_
_train__node_005.png>
File: figures/regression_univariate__best_architecture__node_outputs__hidden_la
yer1__train__node_006.png Graphic file (type bmp)
<figures/regression_univariate__best_architecture__node_outputs__hidden_layer1_
_train__node_006.png>
File: figures/regression_univariate__best_architecture__node_outputs__hidden_la
yer1__val__node_001.png Graphic file (type bmp)
<figures/regression_univariate__best_architecture__node_outputs__hidden_layer1_
_val__node_001.png>
File: figures/regression_univariate__best_architecture__node_outputs__hidden_la
yer1__val__node_002.png Graphic file (type bmp)
<figures/regression_univariate__best_architecture__node_outputs__hidden_layer1_
_val__node_002.png>
File: figures/regression_univariate__best_architecture__node_outputs__hidden_la
yer1__val__node_003.png Graphic file (type bmp)
<figures/regression_univariate__best_architecture__node_outputs__hidden_layer1_
_val__node_003.png>
File: figures/regression_univariate__best_architecture__node_outputs__hidden_la
yer1__val__node_004.png Graphic file (type bmp)
<figures/regression_univariate__best_architecture__node_outputs__hidden_layer1_
_val__node_004.png>
File: figures/regression_univariate__best_architecture__node_outputs__hidden_la
yer1__val__node_005.png Graphic file (type bmp)
<figures/regression_univariate__best_architecture__node_outputs__hidden_layer1_
_val__node_005.png>
File: figures/regression_univariate__best_architecture__node_outputs__hidden_la
yer1__val__node_006.png Graphic file (type bmp)
<figures/regression_univariate__best_architecture__node_outputs__hidden_layer1_
_val__node_006.png>

Underfull \vbox (badness 10000) has occurred while \output is active []

 [41

]
File: figures/regression_univariate__best_architecture__node_outputs__hidden_la
yer1__test__node_001.png Graphic file (type bmp)
<figures/regression_univariate__best_architecture__node_outputs__hidden_layer1_
_test__node_001.png>
File: figures/regression_univariate__best_architecture__node_outputs__hidden_la
yer1__test__node_002.png Graphic file (type bmp)
<figures/regression_univariate__best_architecture__node_outputs__hidden_layer1_
_test__node_002.png>
File: figures/regression_univariate__best_architecture__node_outputs__hidden_la
yer1__test__node_003.png Graphic file (type bmp)
<figures/regression_univariate__best_architecture__node_outputs__hidden_layer1_
_test__node_003.png>
File: figures/regression_univariate__best_architecture__node_outputs__hidden_la
yer1__test__node_004.png Graphic file (type bmp)
<figures/regression_univariate__best_architecture__node_outputs__hidden_layer1_
_test__node_004.png>
File: figures/regression_univariate__best_architecture__node_outputs__hidden_la
yer1__test__node_005.png Graphic file (type bmp)
<figures/regression_univariate__best_architecture__node_outputs__hidden_layer1_
_test__node_005.png>
File: figures/regression_univariate__best_architecture__node_outputs__hidden_la
yer1__test__node_006.png Graphic file (type bmp)
<figures/regression_univariate__best_architecture__node_outputs__hidden_layer1_
_test__node_006.png>

[42]
File: figures/regression_univariate__best_architecture__node_outputs__output_la
yer__train__node_001.png Graphic file (type bmp)
<figures/regression_univariate__best_architecture__node_outputs__output_layer__
train__node_001.png>
File: figures/regression_univariate__best_architecture__node_outputs__output_la
yer__val__node_001.png Graphic file (type bmp)
<figures/regression_univariate__best_architecture__node_outputs__output_layer__
val__node_001.png>
File: figures/regression_univariate__best_architecture__node_outputs__output_la
yer__test__node_001.png Graphic file (type bmp)
<figures/regression_univariate__best_architecture__node_outputs__output_layer__
test__node_001.png>
 [43

]
File: figures/regression_univariate__baseline_single_neuron_fit_train.png Graph
ic file (type bmp)
<figures/regression_univariate__baseline_single_neuron_fit_train.png>
 [44

] [45]
File: figures/regression_bivariate__model_selection_rmse.png Graphic file (type
 bmp)
<figures/regression_bivariate__model_selection_rmse.png>

Underfull \vbox (badness 10000) has occurred while \output is active []

 [46

]
File: figures/regression_bivariate__error_curves__hidden_16.png Graphic file (t
ype bmp)
<figures/regression_bivariate__error_curves__hidden_16.png>
File: figures/regression_bivariate__error_curves__hidden_32.png Graphic file (t
ype bmp)
<figures/regression_bivariate__error_curves__hidden_32.png>

Underfull \vbox (badness 10000) has occurred while \output is active []

 [47]
File: figures/regression_bivariate__error_curves__hidden_64.png Graphic file (t
ype bmp)
<figures/regression_bivariate__error_curves__hidden_64.png>
File: figures/regression_bivariate__error_curves__hidden_32-16.png Graphic file
 (type bmp)
<figures/regression_bivariate__error_curves__hidden_32-16.png>

Underfull \vbox (badness 10000) has occurred while \output is active []

 [48]
File: figures/regression_bivariate__error_curves__hidden_64-32.png Graphic file
 (type bmp)
<figures/regression_bivariate__error_curves__hidden_64-32.png>

[49]
File: figures/regression_bivariate__best_architecture__error_vs_epochs.png Grap
hic file (type bmp)
<figures/regression_bivariate__best_architecture__error_vs_epochs.png>
File: figures/regression_bivariate__best_architecture__model_vs_target_train.pn
g Graphic file (type bmp)
<figures/regression_bivariate__best_architecture__model_vs_target_train.png>

Underfull \vbox (badness 10000) has occurred while \output is active []

 [50

]
File: figures/regression_bivariate__best_architecture__model_vs_target_val.png 
Graphic file (type bmp)
<figures/regression_bivariate__best_architecture__model_vs_target_val.png>
File: figures/regression_bivariate__best_architecture__model_vs_target_test.png
 Graphic file (type bmp)
<figures/regression_bivariate__best_architecture__model_vs_target_test.png>

Underfull \vbox (badness 10000) has occurred while \output is active []

 [51]
[52]
File: figures/regression_bivariate__best_architecture__scatter_target_vs_model_
train.png Graphic file (type bmp)
<figures/regression_bivariate__best_architecture__scatter_target_vs_model_train
.png>
File: figures/regression_bivariate__best_architecture__scatter_target_vs_model_
val.png Graphic file (type bmp)
<figures/regression_bivariate__best_architecture__scatter_target_vs_model_val.p
ng>

Underfull \vbox (badness 10000) has occurred while \output is active []

 [53

]
File: figures/regression_bivariate__best_architecture__scatter_target_vs_model_
test.png Graphic file (type bmp)
<figures/regression_bivariate__best_architecture__scatter_target_vs_model_test.
png>

[54]
Underfull \hbox (badness 10000) in paragraph at lines 1429--1430
\T1/lmtt/m/n/10 regression_bivariate/best_architecture/node_outputs/\T1/lmr/m/n
/10 . The first 6
 []

File: figures/regression_bivariate__best_architecture__node_outputs__hidden_lay
er1__train__node_001.png Graphic file (type bmp)
<figures/regression_bivariate__best_architecture__node_outputs__hidden_layer1__
train__node_001.png>
File: figures/regression_bivariate__best_architecture__node_outputs__hidden_lay
er1__train__node_002.png Graphic file (type bmp)
<figures/regression_bivariate__best_architecture__node_outputs__hidden_layer1__
train__node_002.png>
File: figures/regression_bivariate__best_architecture__node_outputs__hidden_lay
er1__train__node_003.png Graphic file (type bmp)
<figures/regression_bivariate__best_architecture__node_outputs__hidden_layer1__
train__node_003.png>
File: figures/regression_bivariate__best_architecture__node_outputs__hidden_lay
er1__train__node_004.png Graphic file (type bmp)
<figures/regression_bivariate__best_architecture__node_outputs__hidden_layer1__
train__node_004.png>
File: figures/regression_bivariate__best_architecture__node_outputs__hidden_lay
er1__train__node_005.png Graphic file (type bmp)
<figures/regression_bivariate__best_architecture__node_outputs__hidden_layer1__
train__node_005.png>
File: figures/regression_bivariate__best_architecture__node_outputs__hidden_lay
er1__train__node_006.png Graphic file (type bmp)
<figures/regression_bivariate__best_architecture__node_outputs__hidden_layer1__
train__node_006.png>
File: figures/regression_bivariate__best_architecture__node_outputs__hidden_lay
er1__val__node_001.png Graphic file (type bmp)
<figures/regression_bivariate__best_architecture__node_outputs__hidden_layer1__
val__node_001.png>
File: figures/regression_bivariate__best_architecture__node_outputs__hidden_lay
er1__val__node_002.png Graphic file (type bmp)
<figures/regression_bivariate__best_architecture__node_outputs__hidden_layer1__
val__node_002.png>
File: figures/regression_bivariate__best_architecture__node_outputs__hidden_lay
er1__val__node_003.png Graphic file (type bmp)
<figures/regression_bivariate__best_architecture__node_outputs__hidden_layer1__
val__node_003.png>
File: figures/regression_bivariate__best_architecture__node_outputs__hidden_lay
er1__val__node_004.png Graphic file (type bmp)
<figures/regression_bivariate__best_architecture__node_outputs__hidden_layer1__
val__node_004.png>
File: figures/regression_bivariate__best_architecture__node_outputs__hidden_lay
er1__val__node_005.png Graphic file (type bmp)
<figures/regression_bivariate__best_architecture__node_outputs__hidden_layer1__
val__node_005.png>
File: figures/regression_bivariate__best_architecture__node_outputs__hidden_lay
er1__val__node_006.png Graphic file (type bmp)
<figures/regression_bivariate__best_architecture__node_outputs__hidden_layer1__
val__node_006.png>

Underfull \vbox (badness 10000) has occurred while \output is active []

 [55

]
File: figures/regression_bivariate__best_architecture__node_outputs__hidden_lay
er1__test__node_001.png Graphic file (type bmp)
<figures/regression_bivariate__best_architecture__node_outputs__hidden_layer1__
test__node_001.png>
File: figures/regression_bivariate__best_architecture__node_outputs__hidden_lay
er1__test__node_002.png Graphic file (type bmp)
<figures/regression_bivariate__best_architecture__node_outputs__hidden_layer1__
test__node_002.png>
File: figures/regression_bivariate__best_architecture__node_outputs__hidden_lay
er1__test__node_003.png Graphic file (type bmp)
<figures/regression_bivariate__best_architecture__node_outputs__hidden_layer1__
test__node_003.png>
File: figures/regression_bivariate__best_architecture__node_outputs__hidden_lay
er1__test__node_004.png Graphic file (type bmp)
<figures/regression_bivariate__best_architecture__node_outputs__hidden_layer1__
test__node_004.png>
File: figures/regression_bivariate__best_architecture__node_outputs__hidden_lay
er1__test__node_005.png Graphic file (type bmp)
<figures/regression_bivariate__best_architecture__node_outputs__hidden_layer1__
test__node_005.png>
File: figures/regression_bivariate__best_architecture__node_outputs__hidden_lay
er1__test__node_006.png Graphic file (type bmp)
<figures/regression_bivariate__best_architecture__node_outputs__hidden_layer1__
test__node_006.png>

[56]
File: figures/regression_bivariate__best_architecture__node_outputs__hidden_lay
er2__train__node_001.png Graphic file (type bmp)
<figures/regression_bivariate__best_architecture__node_outputs__hidden_layer2__
train__node_001.png>
File: figures/regression_bivariate__best_architecture__node_outputs__hidden_lay
er2__train__node_002.png Graphic file (type bmp)
<figures/regression_bivariate__best_architecture__node_outputs__hidden_layer2__
train__node_002.png>
File: figures/regression_bivariate__best_architecture__node_outputs__hidden_lay
er2__train__node_003.png Graphic file (type bmp)
<figures/regression_bivariate__best_architecture__node_outputs__hidden_layer2__
train__node_003.png>
File: figures/regression_bivariate__best_architecture__node_outputs__hidden_lay
er2__train__node_004.png Graphic file (type bmp)
<figures/regression_bivariate__best_architecture__node_outputs__hidden_layer2__
train__node_004.png>
File: figures/regression_bivariate__best_architecture__node_outputs__hidden_lay
er2__train__node_005.png Graphic file (type bmp)
<figures/regression_bivariate__best_architecture__node_outputs__hidden_layer2__
train__node_005.png>
File: figures/regression_bivariate__best_architecture__node_outputs__hidden_lay
er2__train__node_006.png Graphic file (type bmp)
<figures/regression_bivariate__best_architecture__node_outputs__hidden_layer2__
train__node_006.png>
File: figures/regression_bivariate__best_architecture__node_outputs__hidden_lay
er2__val__node_001.png Graphic file (type bmp)
<figures/regression_bivariate__best_architecture__node_outputs__hidden_layer2__
val__node_001.png>
File: figures/regression_bivariate__best_architecture__node_outputs__hidden_lay
er2__val__node_002.png Graphic file (type bmp)
<figures/regression_bivariate__best_architecture__node_outputs__hidden_layer2__
val__node_002.png>
File: figures/regression_bivariate__best_architecture__node_outputs__hidden_lay
er2__val__node_003.png Graphic file (type bmp)
<figures/regression_bivariate__best_architecture__node_outputs__hidden_layer2__
val__node_003.png>
File: figures/regression_bivariate__best_architecture__node_outputs__hidden_lay
er2__val__node_004.png Graphic file (type bmp)
<figures/regression_bivariate__best_architecture__node_outputs__hidden_layer2__
val__node_004.png>
File: figures/regression_bivariate__best_architecture__node_outputs__hidden_lay
er2__val__node_005.png Graphic file (type bmp)
<figures/regression_bivariate__best_architecture__node_outputs__hidden_layer2__
val__node_005.png>
File: figures/regression_bivariate__best_architecture__node_outputs__hidden_lay
er2__val__node_006.png Graphic file (type bmp)
<figures/regression_bivariate__best_architecture__node_outputs__hidden_layer2__
val__node_006.png>

Underfull \vbox (badness 10000) has occurred while \output is active []

 [57

]
File: figures/regression_bivariate__best_architecture__node_outputs__hidden_lay
er2__test__node_001.png Graphic file (type bmp)
<figures/regression_bivariate__best_architecture__node_outputs__hidden_layer2__
test__node_001.png>
File: figures/regression_bivariate__best_architecture__node_outputs__hidden_lay
er2__test__node_002.png Graphic file (type bmp)
<figures/regression_bivariate__best_architecture__node_outputs__hidden_layer2__
test__node_002.png>
File: figures/regression_bivariate__best_architecture__node_outputs__hidden_lay
er2__test__node_003.png Graphic file (type bmp)
<figures/regression_bivariate__best_architecture__node_outputs__hidden_layer2__
test__node_003.png>
File: figures/regression_bivariate__best_architecture__node_outputs__hidden_lay
er2__test__node_004.png Graphic file (type bmp)
<figures/regression_bivariate__best_architecture__node_outputs__hidden_layer2__
test__node_004.png>
File: figures/regression_bivariate__best_architecture__node_outputs__hidden_lay
er2__test__node_005.png Graphic file (type bmp)
<figures/regression_bivariate__best_architecture__node_outputs__hidden_layer2__
test__node_005.png>
File: figures/regression_bivariate__best_architecture__node_outputs__hidden_lay
er2__test__node_006.png Graphic file (type bmp)
<figures/regression_bivariate__best_architecture__node_outputs__hidden_layer2__
test__node_006.png>

[58]
File: figures/regression_bivariate__best_architecture__node_outputs__output_lay
er__train__node_001.png Graphic file (type bmp)
<figures/regression_bivariate__best_architecture__node_outputs__output_layer__t
rain__node_001.png>
File: figures/regression_bivariate__best_architecture__node_outputs__output_lay
er__val__node_001.png Graphic file (type bmp)
<figures/regression_bivariate__best_architecture__node_outputs__output_layer__v
al__node_001.png>
File: figures/regression_bivariate__best_architecture__node_outputs__output_lay
er__test__node_001.png Graphic file (type bmp)
<figures/regression_bivariate__best_architecture__node_outputs__output_layer__t
est__node_001.png>
 [59

]
File: figures/regression_bivariate__baseline_single_neuron_fit_train.png Graphi
c file (type bmp)
<figures/regression_bivariate__baseline_single_neuron_fit_train.png>
 [60

] [61] [62

] (Group12_Assignment2_report.aux)
Package rerunfilecheck Info: File `Group12_Assignment2_report.out' has not chan
ged.
(rerunfilecheck)             Checksum: 7E50301C4EC99C606BB4CFBA5C68153E;474.
 )
Output written on Group12_Assignment2_report.xdv (62 pages, 143896 bytes).
