A1 SGD params=110981 init |w| sum=5192.537677
epoch 0 loss 1.757585
epoch 1 loss 0.116460 diff 1.64e+00 train_acc 0.9656 val_acc 0.9652 elapsed 11s
epoch 2 loss 0.096577 diff 1.99e-02 train_acc 0.9722 val_acc 0.9689 elapsed 17s
epoch 3 loss 0.065542 diff 3.10e-02 train_acc 0.9811 val_acc 0.9747 elapsed 23s
epoch 4 loss 0.047229 diff 1.83e-02 train_acc 0.9864 val_acc 0.9797 elapsed 28s
epoch 5 loss 0.042025 diff 5.20e-03 train_acc 0.9885 val_acc 0.9779 elapsed 33s
epoch 6 loss 0.028020 diff 1.40e-02 train_acc 0.9938 val_acc 0.9834 elapsed 39s
epoch 7 loss 0.025202 diff 2.82e-03 train_acc 0.9935 val_acc 0.9816 elapsed 44s
epoch 8 loss 0.019697 diff 5.50e-03 train_acc 0.9952 val_acc 0.9837 elapsed 49s
epoch 9 loss 0.017064 diff 2.63e-03 train_acc 0.9962 val_acc 0.9845 elapsed 55s
epoch 10 loss 0.016356 diff 7.07e-04 train_acc 0.9969 val_acc 0.9845 elapsed 60s
epoch 11 loss 0.024473 diff 8.12e-03 train_acc 0.9916 val_acc 0.9808 elapsed 67s
epoch 12 loss 0.009533 diff 1.49e-02 train_acc 0.9986 val_acc 0.9839 elapsed 76s
epoch 13 loss 0.006976 diff 2.56e-03 train_acc 0.9996 val_acc 0.9860 elapsed 83s
epoch 14 loss 0.007220 diff 2.44e-04 train_acc 0.9993 val_acc 0.9850 elapsed 89s
epoch 15 loss 0.005095 diff 2.13e-03 train_acc 0.9996 val_acc 0.9852 elapsed 95s
epoch 16 loss 0.004185 diff 9.10e-04 train_acc 0.9998 val_acc 0.9860 elapsed 105s
epoch 17 loss 0.004265 diff 7.92e-05 train_acc 0.9996 val_acc 0.9845 elapsed 115s
DONE {"arch": "A1", "optimizer": "SGD", "layers": [784, 128, 64, 32, 5], "n_params": 110981, "batch_size": 1, "epochs": 17, "converged": true, "initial_loss": 1.7575848440719821, "final_loss": 0.004264503930642952, "train_acc": 0.9996486605182258, "val_acc": 0.9844532279314888, "init_checksum": 5192.537677087637, "seconds": 114.60834836959839}
