A4 Momentum params=52933 init |w| sum=2432.576382
epoch 0 loss 1.690181
epoch 1 loss 0.091471 diff 1.60e+00 train_acc 0.9733 val_acc 0.9734 elapsed 16s
epoch 2 loss 0.054989 diff 3.65e-02 train_acc 0.9837 val_acc 0.9781 elapsed 28s
epoch 3 loss 0.040785 diff 1.42e-02 train_acc 0.9880 val_acc 0.9787 elapsed 32s
epoch 4 loss 0.027704 diff 1.31e-02 train_acc 0.9919 val_acc 0.9823 elapsed 36s
epoch 5 loss 0.014875 diff 1.28e-02 train_acc 0.9956 val_acc 0.9860 elapsed 40s
epoch 6 loss 0.015875 diff 1.00e-03 train_acc 0.9954 val_acc 0.9855 elapsed 45s
epoch 7 loss 0.016281 diff 4.06e-04 train_acc 0.9942 val_acc 0.9839 elapsed 49s
epoch 8 loss 0.034613 diff 1.83e-02 train_acc 0.9879 val_acc 0.9763 elapsed 53s
epoch 9 loss 0.094285 diff 5.97e-02 train_acc 0.9739 val_acc 0.9623 elapsed 57s
epoch 10 loss 0.005156 diff 8.91e-02 train_acc 0.9982 val_acc 0.9842 elapsed 61s
epoch 11 loss 0.015011 diff 9.86e-03 train_acc 0.9942 val_acc 0.9792 elapsed 65s
epoch 12 loss 0.004644 diff 1.04e-02 train_acc 0.9985 val_acc 0.9850 elapsed 69s
epoch 13 loss 0.009774 diff 5.13e-03 train_acc 0.9975 val_acc 0.9868 elapsed 73s
epoch 14 loss 0.009242 diff 5.32e-04 train_acc 0.9968 val_acc 0.9831 elapsed 77s
epoch 15 loss 0.002770 diff 6.47e-03 train_acc 0.9993 val_acc 0.9871 elapsed 81s
epoch 16 loss 0.000509 diff 2.26e-03 train_acc 0.9998 val_acc 0.9879 elapsed 85s
epoch 17 loss 0.000315 diff 1.95e-04 train_acc 1.0000 val_acc 0.9887 elapsed 90s
epoch 18 loss 0.000225 diff 8.91e-05 train_acc 1.0000 val_acc 0.9895 elapsed 94s
DONE {"arch": "A4", "optimizer": "Momentum", "layers": [784, 64, 32, 16, 5], "n_params": 52933, "batch_size": 1, "epochs": 18, "converged": true, "initial_loss": 1.69018057925676, "final_loss": 0.00022548645272101752, "train_acc": 1.0, "val_acc": 0.9894598155467721, "init_checksum": 2432.5763819988833, "seconds": 94.1144905090332}
